Archive member included to satisfy reference by file (symbol)

C:/CONSOLES/ndside/msys64/opt/devkitpro/libnds/lib\libnds9.a(background.o)
                              template.o (bgState)
C:/CONSOLES/ndside/msys64/opt/devkitpro/libnds/lib\libnds9.a(sassert.o)
                              template.o (__sassert)
C:/CONSOLES/ndside/msys64/opt/devkitpro/libnds/lib\libnds9.a(sprite_alloc.o)
                              template.o (oamAllocateGfx)
C:/CONSOLES/ndside/msys64/opt/devkitpro/libnds/lib\libnds9.a(console.o)
                              C:/CONSOLES/ndside/msys64/opt/devkitpro/libnds/lib\libnds9.a(sassert.o) (consoleDemoInit)
C:/CONSOLES/ndside/msys64/opt/devkitpro/libnds/lib\libnds9.a(window.o)
                              template.o (bgWindowDisable)
C:/CONSOLES/ndside/msys64/opt/devkitpro/libnds/lib\libnds9.a(trig.o)
                              C:/CONSOLES/ndside/msys64/opt/devkitpro/libnds/lib\libnds9.a(background.o) (sinLerp)
C:/CONSOLES/ndside/msys64/opt/devkitpro/libnds/lib\libnds9.a(sprite.o)
                              template.o (oamInit)
C:/CONSOLES/ndside/msys64/opt/devkitpro/libnds/lib\libnds9.a(keys.o)
                              template.o (scanKeys)
C:/CONSOLES/ndside/msys64/opt/devkitpro/libnds/lib\libnds9.a(initSystem.o)
                              c:/consoles/ndside/msys64/opt/devkitpro/devkitarm/bin/../lib/gcc/arm-none-eabi/8.3.0/../../../../arm-none-eabi/lib/thumb/ds_arm9_crt0.o (initSystem)
C:/CONSOLES/ndside/msys64/opt/devkitpro/libnds/lib\libnds9.a(timeSupport.o)
                              C:/CONSOLES/ndside/msys64/opt/devkitpro/libnds/lib\libnds9.a(initSystem.o) (__libnds_gtod)
C:/CONSOLES/ndside/msys64/opt/devkitpro/libnds/lib\libnds9.a(securearea.o)
                              c:/consoles/ndside/msys64/opt/devkitpro/devkitarm/bin/../lib/gcc/arm-none-eabi/8.3.0/../../../../arm-none-eabi/lib/thumb/ds_arm9_crt0.o (__secure_area__)
C:/CONSOLES/ndside/msys64/opt/devkitpro/libnds/lib\libnds9.a(interrupts.o)
                              C:/CONSOLES/ndside/msys64/opt/devkitpro/libnds/lib\libnds9.a(initSystem.o) (irqInit)
C:/CONSOLES/ndside/msys64/opt/devkitpro/libnds/lib\libnds9.a(libnds_exit.arm.o)
                              c:/consoles/ndside/msys64/opt/devkitpro/devkitarm/bin/../lib/gcc/arm-none-eabi/8.3.0/../../../../arm-none-eabi/lib/thumb/ds_arm9_crt0.o (__libnds_exit)
C:/CONSOLES/ndside/msys64/opt/devkitpro/libnds/lib\libnds9.a(fifosystem.o)
                              C:/CONSOLES/ndside/msys64/opt/devkitpro/libnds/lib\libnds9.a(initSystem.o) (fifoSetValue32Handler)
C:/CONSOLES/ndside/msys64/opt/devkitpro/libnds/lib\libnds9.a(dcache.o)
                              C:/CONSOLES/ndside/msys64/opt/devkitpro/libnds/lib\libnds9.a(sprite.o) (DC_FlushRange)
C:/CONSOLES/ndside/msys64/opt/devkitpro/libnds/lib\libnds9.a(mpu_setup.o)
                              c:/consoles/ndside/msys64/opt/devkitpro/devkitarm/bin/../lib/gcc/arm-none-eabi/8.3.0/../../../../arm-none-eabi/lib/thumb/ds_arm9_crt0.o (__libnds_mpu_setup)
C:/CONSOLES/ndside/msys64/opt/devkitpro/libnds/lib\libnds9.a(IntrWait.o)
                              template.o (swiWaitForVBlank)
C:/CONSOLES/ndside/msys64/opt/devkitpro/libnds/lib\libnds9.a(cpu_clock.o)
                              C:/CONSOLES/ndside/msys64/opt/devkitpro/libnds/lib\libnds9.a(initSystem.o) (setCpuClock)
C:/CONSOLES/ndside/msys64/opt/devkitpro/libnds/lib\libnds9.a(interruptDispatcher.o)
                              C:/CONSOLES/ndside/msys64/opt/devkitpro/libnds/lib\libnds9.a(interrupts.o) (IntrMain)
C:/CONSOLES/ndside/msys64/opt/devkitpro/libnds/lib\libnds9.a(debugprint.o)
                              C:/CONSOLES/ndside/msys64/opt/devkitpro/libnds/lib\libnds9.a(console.o) (nocashWrite)
C:/CONSOLES/ndside/msys64/opt/devkitpro/libnds/lib\libnds9.a(swiSoftReset.o)
                              C:/CONSOLES/ndside/msys64/opt/devkitpro/libnds/lib\libnds9.a(fifosystem.o) (swiSoftReset)
C:/CONSOLES/ndside/msys64/opt/devkitpro/libnds/lib\libnds9.a(default_font.bin.o)
                              C:/CONSOLES/ndside/msys64/opt/devkitpro/libnds/lib\libnds9.a(console.o) (default_font_bin)
C:/CONSOLES/ndside/msys64/opt/devkitpro/libnds/lib\libnds9.a(video.o)
                              C:/CONSOLES/ndside/msys64/opt/devkitpro/libnds/lib\libnds9.a(initSystem.o) (vramDefault)
C:/CONSOLES/ndside/msys64/opt/devkitpro/libnds/lib\libnds9.a(system.o)
                              C:/CONSOLES/ndside/msys64/opt/devkitpro/libnds/lib\libnds9.a(initSystem.o) (systemValueHandler)
C:/CONSOLES/ndside/msys64/opt/devkitpro/libnds/lib\libnds9.a(biosCalls.o)
                              C:/CONSOLES/ndside/msys64/opt/devkitpro/libnds/lib\libnds9.a(system.o) (swiDelay)
c:/consoles/ndside/msys64/opt/devkitpro/devkitarm/bin/../lib/gcc/arm-none-eabi/8.3.0/thumb\libgcc.a(_divsi3.o)
                              template.o (__aeabi_idivmod)
c:/consoles/ndside/msys64/opt/devkitpro/devkitarm/bin/../lib/gcc/arm-none-eabi/8.3.0/thumb\libgcc.a(_dvmd_tls.o)
[...]
Memory Configuration

Name             Origin             Length             Attributes
ewram            0x0000000002000000 0x0000000000380000
dtcm             0x000000000b000000 0x0000000000004000
vectors          0x0000000001000000 0x0000000000000100
itcm             0x0000000001000100 0x0000000000007f00
*default*        0x0000000000000000 0xffffffffffffffff

Linker script and memory map

                0x0000000002380000                __ewram_end = (ORIGIN (ewram) + LENGTH (ewram))
                0x0000000002380000                __eheap_end = (ORIGIN (ewram) + LENGTH (ewram))
                0x000000000b004000                __dtcm_top = (ORIGIN (dtcm) + LENGTH (dtcm))
                0x000000000b003ff8                __irq_flags = (__dtcm_top - 0x8)
                0x000000000b003ffc                __irq_vector = (__dtcm_top - 0x4)
                0x000000000b003f00                __sp_svc = (__dtcm_top - 0x100)
                0x000000000b003e00                __sp_irq = (__sp_svc - 0x100)
                0x000000000b003d00                __sp_usr = (__sp_irq - 0x100)

.secure         0x0000000002000000      0x800
 *(.secure)
 .secure        0x0000000002000000      0x800 C:/CONSOLES/ndside/msys64/opt/devkitpro/libnds/lib\libnds9.a(securearea.o)
                0x0000000002000000                __secure_area__

.crt0           0x0000000002000800      0x300
                0x0000000002000800                __text_start = .
 *(.crt0)
 .crt0          0x0000000002000800      0x300 c:/consoles/ndside/msys64/opt/devkitpro/devkitarm/bin/../lib/gcc/arm-none-eabi/8.3.0/../../../../arm-none-eabi/lib/thumb/ds_arm9_crt0.o
                0x0000000002000800                _start
                0x0000000002000b00                . = ALIGN (0x4)

.plt
 *(.plt)

.init           0x0000000002000b00        0xc
 *(SORT_NONE(.init))
 .init          0x0000000002000b00        0x4 c:/consoles/ndside/msys64/opt/devkitpro/devkitarm/bin/../lib/gcc/arm-none-eabi/8.3.0/thumb/crti.o
                0x0000000002000b00                _init
 .init          0x0000000002000b04        0x8 c:/consoles/ndside/msys64/opt/devkitpro/devkitarm/bin/../lib/gcc/arm-none-eabi/8.3.0/thumb/crtn.o

.text           0x0000000002000b10     0xaa48
 *(EXCLUDE_FILE(*.twl* *.vectors* *.itcm*) .text)
 .text          0x0000000002000b10      0xb90 template.o
                0x0000000002000c38                detectCollision
                0x0000000002000c80                animateSprites
                0x0000000002000c8c                fallSprites
                0x0000000002000cdc                initBasket
                0x0000000002000d24                initApple
                0x0000000002000d8c                initBomb
                0x0000000002000dfc                initHeart
                0x0000000002000e44                initName
                0x0000000002000f90                spawnCurr
                0x0000000002000fd4                initSprites
                0x0000000002001048                init
                0x00000000020011d0                quit
                0x0000000002001318                resetSprite
                0x0000000002001398                step
 .text          0x00000000020016a0      0x150 c:/consoles/ndside/msys64/opt/devkitpro/devkitarm/bin/../lib/gcc/arm-none-eabi/8.3.0/thumb\libgcc.a(_divsi3.o)
                0x00000000020016a0                __divsi3
                0x00000000020016a0                __aeabi_idiv
                0x00000000020017d0                __aeabi_idivmod
 .text          0x00000000020017f0        0x4 c:/consoles/ndside/msys64/opt/devkitpro/devkitarm/bin/../lib/gcc/arm-none-eabi/8.3.0/thumb\libgcc.a(_dvmd_tls.o)
                0x00000000020017f0                __aeabi_idiv0
                0x00000000020017f0                __aeabi_ldiv0
 .text          0x00000000020017f4      0x424 c:/consoles/ndside/msys64/opt/devkitpro/devkitarm/bin/../lib/gcc/arm-none-eabi/8.3.0/thumb\libgcc.a(_arm_addsubdf3.o)
                0x00000000020017f4                __aeabi_drsub
                0x00000000020017fc                __aeabi_dsub
                0x00000000020017fc                __subdf3
                0x0000000002001800                __aeabi_dadd
                0x0000000002001800                __adddf3
                0x0000000002001b10                __floatunsidf
                0x0000000002001b10                __aeabi_ui2d
                0x0000000002001b34                __floatsidf
                0x0000000002001b34                __aeabi_i2d
                0x0000000002001b5c                __aeabi_f2d
                0x0000000002001b5c                __extendsfdf2
                0x0000000002001ba4                __floatundidf
                0x0000000002001ba4                __aeabi_ul2d
                0x0000000002001bb8                __floatdidf
                0x0000000002001bb8                __aeabi_l2d
 .text          0x0000000002001c18       0xa0 c:/consoles/ndside/msys64/opt/devkitpro/devkitarm/bin/../lib/gcc/arm-none-eabi/8.3.0/thumb\libgcc.a(_arm_truncdfsf2.o)
                0x0000000002001c18                __truncdfsf2
                0x0000000002001c18                __aeabi_d2f
 .text          0x0000000002001cb8      0x114 c:/consoles/ndside/msys64/opt/devkitpro/devkitarm/bin/../lib/gcc/arm-none-eabi/8.3.0/thumb\libgcc.a(_arm_cmpsf2.o)
                0x0000000002001cb8                __gesf2
                0x0000000002001cb8                __gtsf2
                0x0000000002001cc0                __lesf2
                0x0000000002001cc0                __ltsf2
                0x0000000002001cc8                __nesf2
                0x0000000002001cc8                __eqsf2
                0x0000000002001cc8                __cmpsf2
                0x0000000002001d2c                __aeabi_cfrcmple
                0x0000000002001d3c                __aeabi_cfcmpeq
                0x0000000002001d3c                __aeabi_cfcmple
                0x0000000002001d54                __aeabi_fcmpeq
                0x0000000002001d6c                __aeabi_fcmplt
                0x0000000002001d84                __aeabi_fcmple
                0x0000000002001d9c                __aeabi_fcmpge
                0x0000000002001db4                __aeabi_fcmpgt
 .text          0x0000000002001dcc       0x5c c:/consoles/ndside/msys64/opt/devkitpro/devkitarm/bin/../lib/gcc/arm-none-eabi/8.3.0/thumb\libgcc.a(_arm_fixsfsi.o)
                0x0000000002001dcc                __aeabi_f2iz
                0x0000000002001dcc                __fixsfsi
 .text          0x0000000002001e28      0x224 c:/consoles/ndside/msys64/opt/devkitpro/devkitarm/bin/../lib/gcc/arm-none-eabi/8.3.0/../../../../arm-none-eabi/lib/thumb\libg.a(lib_a-strcmp.o)
                0x0000000002001e28                strcmp
 .text          0x000000000200204c       0x14 c:/consoles/ndside/msys64/opt/devkitpro/devkitarm/bin/../lib/gcc/arm-none-eabi/8.3.0/thumb\libgcc.a(_thumb1_case_uqi.o)
                0x000000000200204c                __gnu_thumb1_case_uqi
 .text          0x0000000002002060       0x14 c:/consoles/ndside/msys64/opt/devkitpro/devkitarm/bin/../lib/gcc/arm-none-eabi/8.3.0/thumb\libgcc.a(_thumb1_case_uhi.o)
                0x0000000002002060                __gnu_thumb1_case_uhi
 .text          0x0000000002002074      0x11c c:/consoles/ndside/msys64/opt/devkitpro/devkitarm/bin/../lib/gcc/arm-none-eabi/8.3.0/thumb\libgcc.a(_udivsi3.o)
                0x0000000002002074                __aeabi_uidiv
                0x0000000002002074                __udivsi3
                0x0000000002002170                __aeabi_uidivmod
 .text          0x0000000002002190       0x3c c:/consoles/ndside/msys64/opt/devkitpro/devkitarm/bin/../lib/gcc/arm-none-eabi/8.3.0/thumb\libgcc.a(_aeabi_uldivmod.o)
                0x0000000002002190                __aeabi_uldivmod
 .text          0x00000000020021cc       0x28 c:/consoles/ndside/msys64/opt/devkitpro/devkitarm/bin/../lib/gcc/arm-none-eabi/8.3.0/thumb\libgcc.a(_clzdi2.o)
                0x00000000020021cc                __clzdi2
 .text          0x00000000020021f4       0x48 c:/consoles/ndside/msys64/opt/devkitpro/devkitarm/bin/../lib/gcc/arm-none-eabi/8.3.0/thumb\libgcc.a(_clzsi2.o)
                0x00000000020021f4                __clzsi2
 *(EXCLUDE_FILE(*.twl* *.vectors* *.itcm*) .stub)
 *(EXCLUDE_FILE(*.twl* *.vectors* *.itcm*) .text.*)
 .text.deregister_tm_clones
                0x000000000200223c       0x2c c:/consoles/ndside/msys64/opt/devkitpro/devkitarm/bin/../lib/gcc/arm-none-eabi/8.3.0/thumb/crtbegin.o
 .text.register_tm_clones
                0x0000000002002268       0x34 c:/consoles/ndside/msys64/opt/devkitpro/devkitarm/bin/../lib/gcc/arm-none-eabi/8.3.0/thumb/crtbegin.o
 .text.__do_global_dtors_aux
                0x000000000200229c       0x30 c:/consoles/ndside/msys64/opt/devkitpro/devkitarm/bin/../lib/gcc/arm-none-eabi/8.3.0/thumb/crtbegin.o
 .text.frame_dummy
                0x00000000020022cc       0x28 c:/consoles/ndside/msys64/opt/devkitpro/devkitarm/bin/../lib/gcc/arm-none-eabi/8.3.0/thumb/crtbegin.o
 .text.startup  0x00000000020022f4       0x24 template.o
                0x00000000020022f4                main
 .text.checkIfText.part.0
                0x0000000002002318       0x40 C:/CONSOLES/ndside/msys64/opt/devkitpro/libnds/lib\libnds9.a(background.o)
 .text.bgUpdate
                0x0000000002002358      0x104 C:/CONSOLES/ndside/msys64/opt/devkitpro/libnds/lib\libnds9.a(background.o)
                0x0000000002002358                bgUpdate
 .text.bgInit_call
                0x000000000200245c      0x110 C:/CONSOLES/ndside/msys64/opt/devkitpro/libnds/lib\libnds9.a(background.o)
                0x000000000200245c                bgInit_call
 .text.bgInitSub_call
                0x000000000200256c       0xf4 C:/CONSOLES/ndside/msys64/opt/devkitpro/libnds/lib\libnds9.a(background.o)
                0x000000000200256c                bgInitSub_call
 .text.__sassert
                0x0000000002002660       0x34 C:/CONSOLES/ndside/msys64/opt/devkitpro/libnds/lib\libnds9.a(sassert.o)
                0x0000000002002660                __sassert
 .text.getAllocHeader
                0x0000000002002694       0x28 C:/CONSOLES/ndside/msys64/opt/devkitpro/libnds/lib\libnds9.a(sprite_alloc.o)
 .text.oamAllocReset
                0x00000000020026bc       0x1c C:/CONSOLES/ndside/msys64/opt/devkitpro/libnds/lib\libnds9.a(sprite_alloc.o)
                0x00000000020026bc                oamAllocReset
 .text.oamAllocateGfx
                0x00000000020026d8      0x224 C:/CONSOLES/ndside/msys64/opt/devkitpro/libnds/lib\libnds9.a(sprite_alloc.o)
                0x00000000020026d8                oamAllocateGfx
 .text.oamFreeGfx
                0x00000000020028fc      0x180 C:/CONSOLES/ndside/msys64/opt/devkitpro/libnds/lib\libnds9.a(sprite_alloc.o)
                0x00000000020028fc                oamFreeGfx
 .text.newRow   0x0000000002002a7c       0xb4 C:/CONSOLES/ndside/msys64/opt/devkitpro/libnds/lib\libnds9.a(console.o)
 .text.consolePrintChar
                0x0000000002002b30       0xec C:/CONSOLES/ndside/msys64/opt/devkitpro/libnds/lib\libnds9.a(console.o)
                0x0000000002002b30                consolePrintChar
 .text.consoleCls
                0x0000000002002c1c       0xe0 C:/CONSOLES/ndside/msys64/opt/devkitpro/libnds/lib\libnds9.a(console.o)
 .text.consoleLoadFont
                0x0000000002002cfc      0x280 C:/CONSOLES/ndside/msys64/opt/devkitpro/libnds/lib\libnds9.a(console.o)
                0x0000000002002cfc                consoleLoadFont
 .text.consoleInit
                0x0000000002002f7c      0x15c C:/CONSOLES/ndside/msys64/opt/devkitpro/libnds/lib\libnds9.a(console.o)
                0x0000000002002f7c                consoleInit
 .text.consoleDemoInit
                0x00000000020030d8       0x40 C:/CONSOLES/ndside/msys64/opt/devkitpro/libnds/lib\libnds9.a(console.o)
                0x00000000020030d8                consoleDemoInit
 .text.con_write
                0x0000000002003118      0x27c C:/CONSOLES/ndside/msys64/opt/devkitpro/libnds/lib\libnds9.a(console.o)
                0x0000000002003118                con_write
 .text.bgWindowDisable
                0x0000000002003394       0x50 C:/CONSOLES/ndside/msys64/opt/devkitpro/libnds/lib\libnds9.a(window.o)
                0x0000000002003394                bgWindowDisable
 .text.sinLutLookup
                0x00000000020033e4       0x3c C:/CONSOLES/ndside/msys64/opt/devkitpro/libnds/lib\libnds9.a(trig.o)
                0x00000000020033e4                sinLutLookup
 .text.sinLerp  0x0000000002003420       0x44 C:/CONSOLES/ndside/msys64/opt/devkitpro/libnds/lib\libnds9.a(trig.o)
                0x0000000002003420                sinLerp
 .text.cosLerp  0x0000000002003464       0x14 C:/CONSOLES/ndside/msys64/opt/devkitpro/libnds/lib\libnds9.a(trig.o)
                0x0000000002003464                cosLerp
 .text.oamInit  0x0000000002003478      0x11c C:/CONSOLES/ndside/msys64/opt/devkitpro/libnds/lib\libnds9.a(sprite.o)
                0x0000000002003478                oamInit
 .text.oamGetGfxPtr
                0x0000000002003594       0x38 C:/CONSOLES/ndside/msys64/opt/devkitpro/libnds/lib\libnds9.a(sprite.o)
                0x0000000002003594                oamGetGfxPtr
 .text.oamGfxPtrToOffset
                0x00000000020035cc       0x34 C:/CONSOLES/ndside/msys64/opt/devkitpro/libnds/lib\libnds9.a(sprite.o)
                0x00000000020035cc                oamGfxPtrToOffset
 .text.oamSet   0x0000000002003600      0x148 C:/CONSOLES/ndside/msys64/opt/devkitpro/libnds/lib\libnds9.a(sprite.o)
                0x0000000002003600                oamSet
 .text.oamUpdate
                0x0000000002003748       0x60 C:/CONSOLES/ndside/msys64/opt/devkitpro/libnds/lib\libnds9.a(sprite.o)
                0x0000000002003748                oamUpdate
 .text.scanKeys
                0x00000000020037a8       0x8c C:/CONSOLES/ndside/msys64/opt/devkitpro/libnds/lib\libnds9.a(keys.o)
                0x00000000020037a8                scanKeys
 .text.keysHeld
                0x0000000002003834        0xc C:/CONSOLES/ndside/msys64/opt/devkitpro/libnds/lib\libnds9.a(keys.o)
                0x0000000002003834                keysHeld
 .text.initSystem
                0x0000000002003840      0x198 C:/CONSOLES/ndside/msys64/opt/devkitpro/libnds/lib\libnds9.a(initSystem.o)
                0x0000000002003840                initSystem
 .text.__libnds_gtod
                0x00000000020039d8       0x28 C:/CONSOLES/ndside/msys64/opt/devkitpro/libnds/lib\libnds9.a(timeSupport.o)
                0x00000000020039d8                __libnds_gtod
 .text.irqDummy
                0x0000000002003a00        0x4 C:/CONSOLES/ndside/msys64/opt/devkitpro/libnds/lib\libnds9.a(interrupts.o)
                0x0000000002003a00                irqDummy
 .text.irqSet   0x0000000002003a04       0x6c C:/CONSOLES/ndside/msys64/opt/devkitpro/libnds/lib\libnds9.a(interrupts.o)
                0x0000000002003a04                irqSet
 .text.irqInit  0x0000000002003a70       0x50 C:/CONSOLES/ndside/msys64/opt/devkitpro/libnds/lib\libnds9.a(interrupts.o)
                0x0000000002003a70                irqInit
 .text.irqEnable
                0x0000000002003ac0       0x64 C:/CONSOLES/ndside/msys64/opt/devkitpro/libnds/lib\libnds9.a(interrupts.o)
                0x0000000002003ac0                irqEnable
 .text.systemErrorExit
                0x0000000002003b24        0x4 C:/CONSOLES/ndside/msys64/opt/devkitpro/libnds/lib\libnds9.a(libnds_exit.arm.o)
                0x0000000002003b24                systemErrorExit
 .text.__libnds_exit
                0x0000000002003b28       0x5c C:/CONSOLES/ndside/msys64/opt/devkitpro/libnds/lib\libnds9.a(libnds_exit.arm.o)
                0x0000000002003b28                __libnds_exit
 .text.fifo_waitBlock
                0x0000000002003b84       0x80 C:/CONSOLES/ndside/msys64/opt/devkitpro/libnds/lib\libnds9.a(fifosystem.o)
 .text.fifo_queueBlock
                0x0000000002003c04       0x40 C:/CONSOLES/ndside/msys64/opt/devkitpro/libnds/lib\libnds9.a(fifosystem.o)
 .text.fifoInternalSendInterrupt
                0x0000000002003c44       0xac C:/CONSOLES/ndside/msys64/opt/devkitpro/libnds/lib\libnds9.a(fifosystem.o)
 .text.fifoInternalSend.part.2
                0x0000000002003cf0       0xd4 C:/CONSOLES/ndside/msys64/opt/devkitpro/libnds/lib\libnds9.a(fifosystem.o)
 .text.fifoGetValue32.part.3
                0x0000000002003dc4       0x74 C:/CONSOLES/ndside/msys64/opt/devkitpro/libnds/lib\libnds9.a(fifosystem.o)
 .text.fifoSetValue32Handler
                0x0000000002003e38       0x78 C:/CONSOLES/ndside/msys64/opt/devkitpro/libnds/lib\libnds9.a(fifosystem.o)
                0x0000000002003e38                fifoSetValue32Handler
 .text.fifoSendValue32
                0x0000000002003eb0       0x4c C:/CONSOLES/ndside/msys64/opt/devkitpro/libnds/lib\libnds9.a(fifosystem.o)
                0x0000000002003eb0                fifoSendValue32
 .text.fifoGetDatamsg
                0x0000000002003efc      0x138 C:/CONSOLES/ndside/msys64/opt/devkitpro/libnds/lib\libnds9.a(fifosystem.o)
                0x0000000002003efc                fifoGetDatamsg
 .text.fifoInternalRecvInterrupt
                0x0000000002004034      0x3dc C:/CONSOLES/ndside/msys64/opt/devkitpro/libnds/lib\libnds9.a(fifosystem.o)
 .text.fifoSetDatamsgHandler
                0x0000000002004410       0x9c C:/CONSOLES/ndside/msys64/opt/devkitpro/libnds/lib\libnds9.a(fifosystem.o)
                0x0000000002004410                fifoSetDatamsgHandler
 .text.fifoInit
                0x00000000020044ac      0x104 C:/CONSOLES/ndside/msys64/opt/devkitpro/libnds/lib\libnds9.a(fifosystem.o)
                0x00000000020044ac                fifoInit
 .text.DC_FlushRange
                0x00000000020045b0       0x24 C:/CONSOLES/ndside/msys64/opt/devkitpro/libnds/lib\libnds9.a(dcache.o)
                0x00000000020045b0                DC_FlushRange
 .text.__libnds_mpu_setup
                0x00000000020045d4      0x174 C:/CONSOLES/ndside/msys64/opt/devkitpro/libnds/lib\libnds9.a(mpu_setup.o)
                0x00000000020045d4                __libnds_mpu_setup
 .text.memUncached
                0x0000000002004748       0x20 C:/CONSOLES/ndside/msys64/opt/devkitpro/libnds/lib\libnds9.a(mpu_setup.o)
                0x0000000002004748                memUncached
 .text.swiWaitForVBlank
                0x0000000002004768        0x8 C:/CONSOLES/ndside/msys64/opt/devkitpro/libnds/lib\libnds9.a(IntrWait.o)
                0x0000000002004768                swiWaitForVBlank
 .text.swiIntrWait
                0x0000000002004770       0x70 C:/CONSOLES/ndside/msys64/opt/devkitpro/libnds/lib\libnds9.a(IntrWait.o)
                0x0000000002004770                swiIntrWait
 .text.setCpuClock
                0x00000000020047e0       0x50 C:/CONSOLES/ndside/msys64/opt/devkitpro/libnds/lib\libnds9.a(cpu_clock.o)
                0x00000000020047e0                setCpuClock
 .text.swiSoftReset
                0x0000000002004830       0x2c C:/CONSOLES/ndside/msys64/opt/devkitpro/libnds/lib\libnds9.a(swiSoftReset.o)
                0x0000000002004830                swiSoftReset
 .text.vramDefault
                0x000000000200485c       0xd0 C:/CONSOLES/ndside/msys64/opt/devkitpro/libnds/lib\libnds9.a(video.o)
                0x000000000200485c                vramDefault
 .text.systemValueHandler
                0x000000000200492c       0x48 C:/CONSOLES/ndside/msys64/opt/devkitpro/libnds/lib\libnds9.a(system.o)
                0x000000000200492c                systemValueHandler
 .text.systemMsgHandler
                0x0000000002004974       0x5c C:/CONSOLES/ndside/msys64/opt/devkitpro/libnds/lib\libnds9.a(system.o)
                0x0000000002004974                systemMsgHandler
 .text.powerOn  0x00000000020049d0       0x2c C:/CONSOLES/ndside/msys64/opt/devkitpro/libnds/lib\libnds9.a(system.o)
                0x00000000020049d0                powerOn
 .text.swiDelay
                0x00000000020049fc        0x4 C:/CONSOLES/ndside/msys64/opt/devkitpro/libnds/lib\libnds9.a(biosCalls.o)
                0x00000000020049fc                swiDelay
 .text.__libc_init_array
                0x0000000002004a00       0x50 c:/consoles/ndside/msys64/opt/devkitpro/devkitarm/bin/../lib/gcc/arm-none-eabi/8.3.0/../../../../arm-none-eabi/lib/thumb\libg.a(lib_a-init.o)
                0x0000000002004a00                __libc_init_array
 .text.iprintf  0x0000000002004a50       0x24 c:/consoles/ndside/msys64/opt/devkitpro/devkitarm/bin/../lib/gcc/arm-none-eabi/8.3.0/../../../../arm-none-eabi/lib/thumb\libg.a(lib_a-iprintf.o)
                0x0000000002004a50                iprintf
 .text.malloc   0x0000000002004a74       0x14 c:/consoles/ndside/msys64/opt/devkitpro/devkitarm/bin/../lib/gcc/arm-none-eabi/8.3.0/../../../../arm-none-eabi/lib/thumb\libg.a(lib_a-malloc.o)
                0x0000000002004a74                malloc
 .text.free     0x0000000002004a88       0x14 c:/consoles/ndside/msys64/opt/devkitpro/devkitarm/bin/../lib/gcc/arm-none-eabi/8.3.0/../../../../arm-none-eabi/lib/thumb\libg.a(lib_a-malloc.o)
                0x0000000002004a88                free
 .text._malloc_r
                0x0000000002004a9c      0x594 c:/consoles/ndside/msys64/opt/devkitpro/devkitarm/bin/../lib/gcc/arm-none-eabi/8.3.0/../../../../arm-none-eabi/lib/thumb\libg.a(lib_a-mallocr.o)
                0x0000000002004a9c                _malloc_r
 .text.memcpy   0x0000000002005030       0xac c:/consoles/ndside/msys64/opt/devkitpro/devkitarm/bin/../lib/gcc/arm-none-eabi/8.3.0/../../../../arm-none-eabi/lib/thumb\libg.a(lib_a-memcpy-stub.o)
                0x0000000002005030                memcpy
 .text.memset   0x00000000020050dc       0xb0 c:/consoles/ndside/msys64/opt/devkitpro/devkitarm/bin/../lib/gcc/arm-none-eabi/8.3.0/../../../../arm-none-eabi/lib/thumb\libg.a(lib_a-memset.o)
                0x00000000020050dc                memset
 .text.__malloc_lock
                0x000000000200518c       0x14 c:/consoles/ndside/msys64/opt/devkitpro/devkitarm/bin/../lib/gcc/arm-none-eabi/8.3.0/../../../../arm-none-eabi/lib/thumb\libg.a(lib_a-mlock.o)
                0x000000000200518c                __malloc_lock
 .text.__malloc_unlock
                0x00000000020051a0       0x14 c:/consoles/ndside/msys64/opt/devkitpro/devkitarm/bin/../lib/gcc/arm-none-eabi/8.3.0/../../../../arm-none-eabi/lib/thumb\libg.a(lib_a-mlock.o)
                0x00000000020051a0                __malloc_unlock
 .text.rand     0x00000000020051b4       0x34 c:/consoles/ndside/msys64/opt/devkitpro/devkitarm/bin/../lib/gcc/arm-none-eabi/8.3.0/../../../../arm-none-eabi/lib/thumb\libg.a(lib_a-rand.o)
                0x00000000020051b4                rand
 .text.realloc  0x00000000020051e8       0x18 c:/consoles/ndside/msys64/opt/devkitpro/devkitarm/bin/../lib/gcc/arm-none-eabi/8.3.0/../../../../arm-none-eabi/lib/thumb\libg.a(lib_a-realloc.o)
                0x00000000020051e8                realloc
 .text._realloc_r
                0x0000000002005200      0x370 c:/consoles/ndside/msys64/opt/devkitpro/devkitarm/bin/../lib/gcc/arm-none-eabi/8.3.0/../../../../arm-none-eabi/lib/thumb\libg.a(lib_a-reallocr.o)
                0x0000000002005200                _realloc_r
 .text.setvbuf  0x0000000002005570      0x1a0 c:/consoles/ndside/msys64/opt/devkitpro/devkitarm/bin/../lib/gcc/arm-none-eabi/8.3.0/../../../../arm-none-eabi/lib/thumb\libg.a(lib_a-setvbuf.o)
                0x0000000002005570                setvbuf
 .text.siscanf  0x0000000002005710       0x4c c:/consoles/ndside/msys64/opt/devkitpro/devkitarm/bin/../lib/gcc/arm-none-eabi/8.3.0/../../../../arm-none-eabi/lib/thumb\libg.a(lib_a-siscanf.o)
                0x0000000002005710                siscanf
 .text.__sread  0x000000000200575c       0x34 c:/consoles/ndside/msys64/opt/devkitpro/devkitarm/bin/../lib/gcc/arm-none-eabi/8.3.0/../../../../arm-none-eabi/lib/thumb\libg.a(lib_a-stdio.o)
                0x000000000200575c                __sread
 .text.__seofread
                0x0000000002005790        0x4 c:/consoles/ndside/msys64/opt/devkitpro/devkitarm/bin/../lib/gcc/arm-none-eabi/8.3.0/../../../../arm-none-eabi/lib/thumb\libg.a(lib_a-stdio.o)
                0x0000000002005790                __seofread
 .text.__swrite
                0x0000000002005794       0x4c c:/consoles/ndside/msys64/opt/devkitpro/devkitarm/bin/../lib/gcc/arm-none-eabi/8.3.0/../../../../arm-none-eabi/lib/thumb\libg.a(lib_a-stdio.o)
                0x0000000002005794                __swrite
 .text.__sseek  0x00000000020057e0       0x40 c:/consoles/ndside/msys64/opt/devkitpro/devkitarm/bin/../lib/gcc/arm-none-eabi/8.3.0/../../../../arm-none-eabi/lib/thumb\libg.a(lib_a-stdio.o)
                0x00000000020057e0                __sseek
 .text.__sclose
                0x0000000002005820       0x10 c:/consoles/ndside/msys64/opt/devkitpro/devkitarm/bin/../lib/gcc/arm-none-eabi/8.3.0/../../../../arm-none-eabi/lib/thumb\libg.a(lib_a-stdio.o)
                0x0000000002005820                __sclose
 .text.strlen   0x0000000002005830       0x6c c:/consoles/ndside/msys64/opt/devkitpro/devkitarm/bin/../lib/gcc/arm-none-eabi/8.3.0/../../../../arm-none-eabi/lib/thumb\libg.a(lib_a-strlen-stub.o)
                0x0000000002005830                strlen
 .text.get_arg  0x000000000200589c       0x24 c:/consoles/ndside/msys64/opt/devkitpro/devkitarm/bin/../lib/gcc/arm-none-eabi/8.3.0/../../../../arm-none-eabi/lib/thumb\libg.a(lib_a-svfiscanf.o)
 .text._sungetc_r
                0x00000000020058c0       0x7e c:/consoles/ndside/msys64/opt/devkitpro/devkitarm/bin/../lib/gcc/arm-none-eabi/8.3.0/../../../../arm-none-eabi/lib/thumb\libg.a(lib_a-svfiscanf.o)
                0x00000000020058c0                _sungetc_r
 .text.__ssrefill_r
                0x000000000200593e       0x42 c:/consoles/ndside/msys64/opt/devkitpro/devkitarm/bin/../lib/gcc/arm-none-eabi/8.3.0/../../../../arm-none-eabi/lib/thumb\libg.a(lib_a-svfiscanf.o)
                0x000000000200593e                __ssrefill_r
 .text._sfread_r
                0x0000000002005980       0x8a c:/consoles/ndside/msys64/opt/devkitpro/devkitarm/bin/../lib/gcc/arm-none-eabi/8.3.0/../../../../arm-none-eabi/lib/thumb\libg.a(lib_a-svfiscanf.o)
                0x0000000002005980                _sfread_r
 *fill*         0x0000000002005a0a        0x2 ff
 .text.__ssvfiscanf_r
                0x0000000002005a0c     0x1b24 c:/consoles/ndside/msys64/opt/devkitpro/devkitarm/bin/../lib/gcc/arm-none-eabi/8.3.0/../../../../arm-none-eabi/lib/thumb\libg.a(lib_a-svfiscanf.o)
                0x0000000002005a0c                __ssvfiscanf_r
 .text.__submore
                0x0000000002007530       0x88 c:/consoles/ndside/msys64/opt/devkitpro/devkitarm/bin/../lib/gcc/arm-none-eabi/8.3.0/../../../../arm-none-eabi/lib/thumb\libg.a(lib_a-ungetc.o)
                0x0000000002007530                __submore
 .text.get_arg  0x00000000020075b8      0x3c0 c:/consoles/ndside/msys64/opt/devkitpro/devkitarm/bin/../lib/gcc/arm-none-eabi/8.3.0/../../../../arm-none-eabi/lib/thumb\libg.a(lib_a-vfiprintf.o)
 .text.__sprint_r
                0x0000000002007978       0x20 c:/consoles/ndside/msys64/opt/devkitpro/devkitarm/bin/../lib/gcc/arm-none-eabi/8.3.0/../../../../arm-none-eabi/lib/thumb\libg.a(lib_a-vfiprintf.o)
                0x0000000002007978                __sprint_r
 .text._vfiprintf_r
                0x0000000002007998     0x17e8 c:/consoles/ndside/msys64/opt/devkitpro/devkitarm/bin/../lib/gcc/arm-none-eabi/8.3.0/../../../../arm-none-eabi/lib/thumb\libg.a(lib_a-vfiprintf.o)
                0x0000000002007998                _vfiprintf_r
 .text.__sbprintf
                0x0000000002009180       0x8c c:/consoles/ndside/msys64/opt/devkitpro/devkitarm/bin/../lib/gcc/arm-none-eabi/8.3.0/../../../../arm-none-eabi/lib/thumb\libg.a(lib_a-vfiprintf.o)
 .text.viprintf
                0x000000000200920c       0x1c c:/consoles/ndside/msys64/opt/devkitpro/devkitarm/bin/../lib/gcc/arm-none-eabi/8.3.0/../../../../arm-none-eabi/lib/thumb\libg.a(lib_a-viprintf.o)
                0x000000000200920c                viprintf
 .text._wcrtomb_r
                0x0000000002009228       0x5c c:/consoles/ndside/msys64/opt/devkitpro/devkitarm/bin/../lib/gcc/arm-none-eabi/8.3.0/../../../../arm-none-eabi/lib/thumb\libg.a(lib_a-wcrtomb.o)
                0x0000000002009228                _wcrtomb_r
 .text._wcsrtombs_r
                0x0000000002009284       0x1c c:/consoles/ndside/msys64/opt/devkitpro/devkitarm/bin/../lib/gcc/arm-none-eabi/8.3.0/../../../../arm-none-eabi/lib/thumb\libg.a(lib_a-wcsrtombs.o)
                0x0000000002009284                _wcsrtombs_r
 .text.__swsetup_r
                0x00000000020092a0       0xe0 c:/consoles/ndside/msys64/opt/devkitpro/devkitarm/bin/../lib/gcc/arm-none-eabi/8.3.0/../../../../arm-none-eabi/lib/thumb\libg.a(lib_a-wsetup.o)
                0x00000000020092a0                __swsetup_r
 .text.__sflush_r
                0x0000000002009380      0x1b8 c:/consoles/ndside/msys64/opt/devkitpro/devkitarm/bin/../lib/gcc/arm-none-eabi/8.3.0/../../../../arm-none-eabi/lib/thumb\libg.a(lib_a-fflush.o)
                0x0000000002009380                __sflush_r
 .text._fflush_r
                0x0000000002009538       0x70 c:/consoles/ndside/msys64/opt/devkitpro/devkitarm/bin/../lib/gcc/arm-none-eabi/8.3.0/../../../../arm-none-eabi/lib/thumb\libg.a(lib_a-fflush.o)
                0x0000000002009538                _fflush_r
 .text.std      0x00000000020095a8       0x54 c:/consoles/ndside/msys64/opt/devkitpro/devkitarm/bin/../lib/gcc/arm-none-eabi/8.3.0/../../../../arm-none-eabi/lib/thumb\libg.a(lib_a-findfp.o)
 .text._cleanup_r
                0x00000000020095fc       0x14 c:/consoles/ndside/msys64/opt/devkitpro/devkitarm/bin/../lib/gcc/arm-none-eabi/8.3.0/../../../../arm-none-eabi/lib/thumb\libg.a(lib_a-findfp.o)
                0x00000000020095fc                _cleanup_r
 .text.__sinit  0x0000000002009610       0x64 c:/consoles/ndside/msys64/opt/devkitpro/devkitarm/bin/../lib/gcc/arm-none-eabi/8.3.0/../../../../arm-none-eabi/lib/thumb\libg.a(lib_a-findfp.o)
                0x0000000002009610                __sinit
 .text.__sfp_lock_acquire
                0x0000000002009674       0x14 c:/consoles/ndside/msys64/opt/devkitpro/devkitarm/bin/../lib/gcc/arm-none-eabi/8.3.0/../../../../arm-none-eabi/lib/thumb\libg.a(lib_a-findfp.o)
                0x0000000002009674                __sfp_lock_acquire
 .text.__sfp_lock_release
                0x0000000002009688       0x14 c:/consoles/ndside/msys64/opt/devkitpro/devkitarm/bin/../lib/gcc/arm-none-eabi/8.3.0/../../../../arm-none-eabi/lib/thumb\libg.a(lib_a-findfp.o)
                0x0000000002009688                __sfp_lock_release
 .text._malloc_trim_r
                0x000000000200969c       0xa4 c:/consoles/ndside/msys64/opt/devkitpro/devkitarm/bin/../lib/gcc/arm-none-eabi/8.3.0/../../../../arm-none-eabi/lib/thumb\libg.a(lib_a-freer.o)
                0x000000000200969c                _malloc_trim_r
 .text._free_r  0x0000000002009740      0x1e0 c:/consoles/ndside/msys64/opt/devkitpro/devkitarm/bin/../lib/gcc/arm-none-eabi/8.3.0/../../../../arm-none-eabi/lib/thumb\libg.a(lib_a-freer.o)
                0x0000000002009740                _free_r
 .text.__sfvwrite_r
                0x0000000002009920      0x348 c:/consoles/ndside/msys64/opt/devkitpro/devkitarm/bin/../lib/gcc/arm-none-eabi/8.3.0/../../../../arm-none-eabi/lib/thumb\libg.a(lib_a-fvwrite.o)
                0x0000000002009920                __sfvwrite_r
 .text._fwalk_reent
                0x0000000002009c68       0x54 c:/consoles/ndside/msys64/opt/devkitpro/devkitarm/bin/../lib/gcc/arm-none-eabi/8.3.0/../../../../arm-none-eabi/lib/thumb\libg.a(lib_a-fwalk.o)
                0x0000000002009c68                _fwalk_reent
 .text.iswspace
                0x0000000002009cbc       0x10 c:/consoles/ndside/msys64/opt/devkitpro/devkitarm/bin/../lib/gcc/arm-none-eabi/8.3.0/../../../../arm-none-eabi/lib/thumb\libg.a(lib_a-iswspace.o)
                0x0000000002009cbc                iswspace
 .text._localeconv_r
                0x0000000002009ccc        0x8 c:/consoles/ndside/msys64/opt/devkitpro/devkitarm/bin/../lib/gcc/arm-none-eabi/8.3.0/../../../../arm-none-eabi/lib/thumb\libg.a(lib_a-localeconv.o)
                0x0000000002009ccc                _localeconv_r
 .text.__locale_mb_cur_max
                0x0000000002009cd4       0x10 c:/consoles/ndside/msys64/opt/devkitpro/devkitarm/bin/../lib/gcc/arm-none-eabi/8.3.0/../../../../arm-none-eabi/lib/thumb\libg.a(lib_a-locale.o)
                0x0000000002009cd4                __locale_mb_cur_max
 .text.__swhatbuf_r
                0x0000000002009ce4       0x64 c:/consoles/ndside/msys64/opt/devkitpro/devkitarm/bin/../lib/gcc/arm-none-eabi/8.3.0/../../../../arm-none-eabi/lib/thumb\libg.a(lib_a-makebuf.o)
                0x0000000002009ce4                __swhatbuf_r
 .text.__smakebuf_r
                0x0000000002009d48       0x98 c:/consoles/ndside/msys64/opt/devkitpro/devkitarm/bin/../lib/gcc/arm-none-eabi/8.3.0/../../../../arm-none-eabi/lib/thumb\libg.a(lib_a-makebuf.o)
                0x0000000002009d48                __smakebuf_r
 .text._mbrtowc_r
                0x0000000002009de0       0x60 c:/consoles/ndside/msys64/opt/devkitpro/devkitarm/bin/../lib/gcc/arm-none-eabi/8.3.0/../../../../arm-none-eabi/lib/thumb\libg.a(lib_a-mbrtowc.o)
                0x0000000002009de0                _mbrtowc_r
 .text.__utf8_mbtowc
                0x0000000002009e40      0x294 c:/consoles/ndside/msys64/opt/devkitpro/devkitarm/bin/../lib/gcc/arm-none-eabi/8.3.0/../../../../arm-none-eabi/lib/thumb\libg.a(lib_a-mbtowc_r.o)
                0x0000000002009e40                __utf8_mbtowc
 .text.memchr   0x000000000200a0d4       0x84 c:/consoles/ndside/msys64/opt/devkitpro/devkitarm/bin/../lib/gcc/arm-none-eabi/8.3.0/../../../../arm-none-eabi/lib/thumb\libg.a(lib_a-memchr-stub.o)
                0x000000000200a0d4                memchr
 .text.memmove  0x000000000200a158       0xb4 c:/consoles/ndside/msys64/opt/devkitpro/devkitarm/bin/../lib/gcc/arm-none-eabi/8.3.0/../../../../arm-none-eabi/lib/thumb\libg.a(lib_a-memmove.o)
                0x000000000200a158                memmove
 .text.__sccl   0x000000000200a20c       0x78 c:/consoles/ndside/msys64/opt/devkitpro/devkitarm/bin/../lib/gcc/arm-none-eabi/8.3.0/../../../../arm-none-eabi/lib/thumb\libg.a(lib_a-sccl.o)
                0x000000000200a20c                __sccl
 .text.strncpy  0x000000000200a284       0x84 c:/consoles/ndside/msys64/opt/devkitpro/devkitarm/bin/../lib/gcc/arm-none-eabi/8.3.0/../../../../arm-none-eabi/lib/thumb\libg.a(lib_a-strncpy.o)
                0x000000000200a284                strncpy
 .text._strtoll_l.isra.0
                0x000000000200a308      0x1b4 c:/consoles/ndside/msys64/opt/devkitpro/devkitarm/bin/../lib/gcc/arm-none-eabi/8.3.0/../../../../arm-none-eabi/lib/thumb\libg.a(lib_a-strtoll.o)
 .text._strtoll_r
                0x000000000200a4bc        0xc c:/consoles/ndside/msys64/opt/devkitpro/devkitarm/bin/../lib/gcc/arm-none-eabi/8.3.0/../../../../arm-none-eabi/lib/thumb\libg.a(lib_a-strtoll.o)
                0x000000000200a4bc                _strtoll_r
 .text._strtol_l.isra.0
                0x000000000200a4c8      0x13c c:/consoles/ndside/msys64/opt/devkitpro/devkitarm/bin/../lib/gcc/arm-none-eabi/8.3.0/../../../../arm-none-eabi/lib/thumb\libg.a(lib_a-strtol.o)
 .text._strtol_r
                0x000000000200a604        0xc c:/consoles/ndside/msys64/opt/devkitpro/devkitarm/bin/../lib/gcc/arm-none-eabi/8.3.0/../../../../arm-none-eabi/lib/thumb\libg.a(lib_a-strtol.o)
                0x000000000200a604                _strtol_r
 .text._strtoull_l.isra.0
                0x000000000200a610      0x1c8 c:/consoles/ndside/msys64/opt/devkitpro/devkitarm/bin/../lib/gcc/arm-none-eabi/8.3.0/../../../../arm-none-eabi/lib/thumb\libg.a(lib_a-strtoull.o)
 .text._strtoull_r
                0x000000000200a7d8        0xc c:/consoles/ndside/msys64/opt/devkitpro/devkitarm/bin/../lib/gcc/arm-none-eabi/8.3.0/../../../../arm-none-eabi/lib/thumb\libg.a(lib_a-strtoull.o)
                0x000000000200a7d8                _strtoull_r
 .text._strtoul_l.isra.0
                0x000000000200a7e4      0x144 c:/consoles/ndside/msys64/opt/devkitpro/devkitarm/bin/../lib/gcc/arm-none-eabi/8.3.0/../../../../arm-none-eabi/lib/thumb\libg.a(lib_a-strtoul.o)
 .text._strtoul_r
                0x000000000200a928        0xc c:/consoles/ndside/msys64/opt/devkitpro/devkitarm/bin/../lib/gcc/arm-none-eabi/8.3.0/../../../../arm-none-eabi/lib/thumb\libg.a(lib_a-strtoul.o)
                0x000000000200a928                _strtoul_r
 .text._wcsnrtombs_l
                0x000000000200a934      0x134 c:/consoles/ndside/msys64/opt/devkitpro/devkitarm/bin/../lib/gcc/arm-none-eabi/8.3.0/../../../../arm-none-eabi/lib/thumb\libg.a(lib_a-wcsnrtombs.o)
                0x000000000200a934                _wcsnrtombs_l
 .text._wcsnrtombs_r
                0x000000000200aa68       0x30 c:/consoles/ndside/msys64/opt/devkitpro/devkitarm/bin/../lib/gcc/arm-none-eabi/8.3.0/../../../../arm-none-eabi/lib/thumb\libg.a(lib_a-wcsnrtombs.o)
                0x000000000200aa68                _wcsnrtombs_r
 .text.__utf8_wctomb
                0x000000000200aa98       0xbc c:/consoles/ndside/msys64/opt/devkitpro/devkitarm/bin/../lib/gcc/arm-none-eabi/8.3.0/../../../../arm-none-eabi/lib/thumb\libg.a(lib_a-wctomb_r.o)
                0x000000000200aa98                __utf8_wctomb
 .text._fclose_r
                0x000000000200ab54       0xe4 c:/consoles/ndside/msys64/opt/devkitpro/devkitarm/bin/../lib/gcc/arm-none-eabi/8.3.0/../../../../arm-none-eabi/lib/thumb\libg.a(lib_a-fclose.o)
                0x000000000200ab54                _fclose_r
 .text.iswspace_l
                0x000000000200ac38       0x2c c:/consoles/ndside/msys64/opt/devkitpro/devkitarm/bin/../lib/gcc/arm-none-eabi/8.3.0/../../../../arm-none-eabi/lib/thumb\libg.a(lib_a-iswspace_l.o)
                0x000000000200ac38                iswspace_l
 .text.__jp2uc  0x000000000200ac64      0x190 c:/consoles/ndside/msys64/opt/devkitpro/devkitarm/bin/../lib/gcc/arm-none-eabi/8.3.0/../../../../arm-none-eabi/lib/thumb\libg.a(lib_a-jp2uc.o)
 .text._jp2uc_l
                0x000000000200adf4       0x6c c:/consoles/ndside/msys64/opt/devkitpro/devkitarm/bin/../lib/gcc/arm-none-eabi/8.3.0/../../../../arm-none-eabi/lib/thumb\libg.a(lib_a-jp2uc.o)
                0x000000000200adf4                _jp2uc_l
 .text.category
                0x000000000200ae60       0x58 c:/consoles/ndside/msys64/opt/devkitpro/devkitarm/bin/../lib/gcc/arm-none-eabi/8.3.0/../../../../arm-none-eabi/lib/thumb\libg.a(lib_a-categories.o)
                0x000000000200ae60                category
 .text.null_write
                0x000000000200aeb8        0x4 c:/consoles/ndside/msys64/opt/devkitpro/devkitarm/bin/../lib/gcc/arm-none-eabi/8.3.0/../../../../arm-none-eabi/lib/thumb\libsysbase.a(iosupport.o)
 .text._close_r
                0x000000000200aebc       0x5c c:/consoles/ndside/msys64/opt/devkitpro/devkitarm/bin/../lib/gcc/arm-none-eabi/8.3.0/../../../../arm-none-eabi/lib/thumb\libsysbase.a(close.o)
                0x000000000200aebc                _close_r
 .text._fstat_r
                0x000000000200af18       0x4c c:/consoles/ndside/msys64/opt/devkitpro/devkitarm/bin/../lib/gcc/arm-none-eabi/8.3.0/../../../../arm-none-eabi/lib/thumb\libsysbase.a(fstat.o)
                0x000000000200af18                _fstat_r
 .text._isatty_r
                0x000000000200af64        0x4 c:/consoles/ndside/msys64/opt/devkitpro/devkitarm/bin/../lib/gcc/arm-none-eabi/8.3.0/../../../../arm-none-eabi/lib/thumb\libsysbase.a(isatty.o)
                0x000000000200af64                _isatty_r
 .text._lseek_r
                0x000000000200af68       0x5c c:/consoles/ndside/msys64/opt/devkitpro/devkitarm/bin/../lib/gcc/arm-none-eabi/8.3.0/../../../../arm-none-eabi/lib/thumb\libsysbase.a(lseek.o)
                0x000000000200af68                _lseek_r
 .text._read_r  0x000000000200afc4       0x50 c:/consoles/ndside/msys64/opt/devkitpro/devkitarm/bin/../lib/gcc/arm-none-eabi/8.3.0/../../../../arm-none-eabi/lib/thumb\libsysbase.a(read.o)
                0x000000000200afc4                _read_r
 .text._sbrk_r  0x000000000200b014       0x54 c:/consoles/ndside/msys64/opt/devkitpro/devkitarm/bin/../lib/gcc/arm-none-eabi/8.3.0/../../../../arm-none-eabi/lib/thumb\libsysbase.a(sbrk.o)
                0x000000000200b014                _sbrk_r
 .text._write_r
                0x000000000200b068       0x50 c:/consoles/ndside/msys64/opt/devkitpro/devkitarm/bin/../lib/gcc/arm-none-eabi/8.3.0/../../../../arm-none-eabi/lib/thumb\libsysbase.a(write.o)
                0x000000000200b068                _write_r
 .text.build_argv
                0x000000000200b0b8       0x4c c:/consoles/ndside/msys64/opt/devkitpro/devkitarm/bin/../lib/gcc/arm-none-eabi/8.3.0/../../../../arm-none-eabi/lib/thumb\libsysbase.a(build_argv.o)
                0x000000000200b0b8                build_argv
 .text.__flockfile
                0x000000000200b104       0x10 c:/consoles/ndside/msys64/opt/devkitpro/devkitarm/bin/../lib/gcc/arm-none-eabi/8.3.0/../../../../arm-none-eabi/lib/thumb\libsysbase.a(flock.o)
                0x000000000200b104                __flockfile
 .text.__funlockfile
                0x000000000200b114       0x10 c:/consoles/ndside/msys64/opt/devkitpro/devkitarm/bin/../lib/gcc/arm-none-eabi/8.3.0/../../../../arm-none-eabi/lib/thumb\libsysbase.a(flock.o)
                0x000000000200b114                __funlockfile
 .text.__libc_lock_acquire
                0x000000000200b124       0x1c c:/consoles/ndside/msys64/opt/devkitpro/devkitarm/bin/../lib/gcc/arm-none-eabi/8.3.0/../../../../arm-none-eabi/lib/thumb\libsysbase.a(syscall_support.o)
                0x000000000200b124                __libc_lock_acquire
 .text.__libc_lock_release
                0x000000000200b140       0x1c c:/consoles/ndside/msys64/opt/devkitpro/devkitarm/bin/../lib/gcc/arm-none-eabi/8.3.0/../../../../arm-none-eabi/lib/thumb\libsysbase.a(syscall_support.o)
                0x000000000200b140                __libc_lock_release
 .text.__libc_lock_init_recursive
                0x000000000200b15c       0x1c c:/consoles/ndside/msys64/opt/devkitpro/devkitarm/bin/../lib/gcc/arm-none-eabi/8.3.0/../../../../arm-none-eabi/lib/thumb\libsysbase.a(syscall_support.o)
                0x000000000200b15c                __libc_lock_init_recursive
 .text.__libc_lock_acquire_recursive
                0x000000000200b178       0x1c c:/consoles/ndside/msys64/opt/devkitpro/devkitarm/bin/../lib/gcc/arm-none-eabi/8.3.0/../../../../arm-none-eabi/lib/thumb\libsysbase.a(syscall_support.o)
                0x000000000200b178                __libc_lock_acquire_recursive
 .text.__libc_lock_release_recursive
                0x000000000200b194       0x1c c:/consoles/ndside/msys64/opt/devkitpro/devkitarm/bin/../lib/gcc/arm-none-eabi/8.3.0/../../../../arm-none-eabi/lib/thumb\libsysbase.a(syscall_support.o)
                0x000000000200b194                __libc_lock_release_recursive
 .text.__libc_lock_close_recursive
                0x000000000200b1b0       0x1c c:/consoles/ndside/msys64/opt/devkitpro/devkitarm/bin/../lib/gcc/arm-none-eabi/8.3.0/../../../../arm-none-eabi/lib/thumb\libsysbase.a(syscall_support.o)
                0x000000000200b1b0                __libc_lock_close_recursive
 .text.__release_handle
                0x000000000200b1cc       0x6c c:/consoles/ndside/msys64/opt/devkitpro/devkitarm/bin/../lib/gcc/arm-none-eabi/8.3.0/../../../../arm-none-eabi/lib/thumb\libsysbase.a(handle_manager.o)
                0x000000000200b1cc                __release_handle
 .text.__get_handle
                0x000000000200b238       0x1c c:/consoles/ndside/msys64/opt/devkitpro/devkitarm/bin/../lib/gcc/arm-none-eabi/8.3.0/../../../../arm-none-eabi/lib/thumb\libsysbase.a(handle_manager.o)
                0x000000000200b238                __get_handle
 .text.__getreent
                0x000000000200b254       0x28 c:/consoles/ndside/msys64/opt/devkitpro/devkitarm/bin/../lib/gcc/arm-none-eabi/8.3.0/../../../../arm-none-eabi/lib/thumb\libsysbase.a(getreent.o)
                0x000000000200b254                __getreent
 .text.__muldi3
                0x000000000200b27c       0x60 c:/consoles/ndside/msys64/opt/devkitpro/devkitarm/bin/../lib/gcc/arm-none-eabi/8.3.0/thumb\libgcc.a(_muldi3.o)
                0x000000000200b27c                __muldi3
                0x000000000200b27c                __aeabi_lmul
 .text.__udivmoddi4
                0x000000000200b2dc      0x1a8 c:/consoles/ndside/msys64/opt/devkitpro/devkitarm/bin/../lib/gcc/arm-none-eabi/8.3.0/thumb\libgcc.a(_udivmoddi4.o)
                0x000000000200b2dc                __udivmoddi4
 *fill*         0x000000000200b484        0x4 ff
 .text.__udivmoddi4.__stub
                0x000000000200b488       0xc0 linker stubs
 *(EXCLUDE_FILE(*.twl*) .gnu.warning)
 *(EXCLUDE_FILE(*.twl*) .gnu.linkonce.t*)
 *(.glue_7)
 .glue_7        0x000000000200b558        0x0 linker stubs
 *(.glue_7t)
 .glue_7t       0x000000000200b558        0x0 linker stubs
                0x000000000200b558                . = ALIGN (0x4)

.vfp11_veneer   0x000000000200b558        0x0
 .vfp11_veneer  0x000000000200b558        0x0 linker stubs

.v4_bx          0x000000000200b558        0x0
 .v4_bx         0x000000000200b558        0x0 linker stubs

.iplt           0x000000000200b558        0x0
 .iplt          0x000000000200b558        0x0 c:/consoles/ndside/msys64/opt/devkitpro/devkitarm/bin/../lib/gcc/arm-none-eabi/8.3.0/../../../../arm-none-eabi/lib/thumb/ds_arm9_crt0.o

.fini           0x000000000200b558        0xc
 *(.fini)
 .fini          0x000000000200b558        0x4 c:/consoles/ndside/msys64/opt/devkitpro/devkitarm/bin/../lib/gcc/arm-none-eabi/8.3.0/thumb/crti.o
                0x000000000200b558                _fini
 .fini          0x000000000200b55c        0x8 c:/consoles/ndside/msys64/opt/devkitpro/devkitarm/bin/../lib/gcc/arm-none-eabi/8.3.0/thumb/crtn.o
                0x000000000200b564                __text_end = .

.rodata         0x000000000200b564    0x1a7a0
 *(EXCLUDE_FILE(*.twl*) .rodata)
 .rodata        0x000000000200b564    0x10200 bg.o
                0x000000000200b564                bgTiles
                0x000000000201b564                bgPal
 .rodata        0x000000000201b764     0x1600 SpriteSheet.o
                0x000000000201b764                SpriteSheetTiles
                0x000000000201cb64                SpriteSheetPal
 .rodata        0x000000000201cd64     0x2004 C:/CONSOLES/ndside/msys64/opt/devkitpro/libnds/lib\libnds9.a(default_font.bin.o)
                0x000000000201cd64                default_font_bin
                0x000000000201ed64                default_font_bin_size
                0x000000000201ed64                default_font_bin_end
 *all.rodata*(*)
 *(EXCLUDE_FILE(*.twl*) .roda)
 *(EXCLUDE_FILE(*.twl*) .rodata.*)
 .rodata.str1.4
                0x000000000201ed68      0x323 template.o
 *fill*         0x000000000201f08b        0x1 ff
 .rodata.__sassert.str1.4
                0x000000000201f08c       0x42 C:/CONSOLES/ndside/msys64/opt/devkitpro/libnds/lib\libnds9.a(sassert.o)
 *fill*         0x000000000201f0ce        0x2 ff
 .rodata.con_write
                0x000000000201f0d0       0xd4 C:/CONSOLES/ndside/msys64/opt/devkitpro/libnds/lib\libnds9.a(console.o)
 .rodata.con_write.str1.4
                0x000000000201f1a4       0x30 C:/CONSOLES/ndside/msys64/opt/devkitpro/libnds/lib\libnds9.a(console.o)
 .rodata.dotab_stdout
                0x000000000201f1d4       0x70 C:/CONSOLES/ndside/msys64/opt/devkitpro/libnds/lib\libnds9.a(console.o)
 .rodata.str1.4
                0x000000000201f244       0x14 C:/CONSOLES/ndside/msys64/opt/devkitpro/libnds/lib\libnds9.a(console.o)
 .rodata.SIN_LUT
                0x000000000201f258      0x102 C:/CONSOLES/ndside/msys64/opt/devkitpro/libnds/lib\libnds9.a(trig.o)
                0x000000000201f258                SIN_LUT
 *fill*         0x000000000201f35a        0x2 ff
 .rodata.basefix.6979
                0x000000000201f35c       0x22 c:/consoles/ndside/msys64/opt/devkitpro/devkitarm/bin/../lib/gcc/arm-none-eabi/8.3.0/../../../../arm-none-eabi/lib/thumb\libg.a(lib_a-svfiscanf.o)
 .rodata._vfiprintf_r.str1.1
                0x000000000201f37e       0x29 c:/consoles/ndside/msys64/opt/devkitpro/devkitarm/bin/../lib/gcc/arm-none-eabi/8.3.0/../../../../arm-none-eabi/lib/thumb\libg.a(lib_a-vfiprintf.o)
 *fill*         0x000000000201f3a7        0x1 ff
 .rodata.blanks.7416
                0x000000000201f3a8       0x10 c:/consoles/ndside/msys64/opt/devkitpro/devkitarm/bin/../lib/gcc/arm-none-eabi/8.3.0/../../../../arm-none-eabi/lib/thumb\libg.a(lib_a-vfiprintf.o)
 .rodata.zeroes.7417
                0x000000000201f3b8       0x10 c:/consoles/ndside/msys64/opt/devkitpro/devkitarm/bin/../lib/gcc/arm-none-eabi/8.3.0/../../../../arm-none-eabi/lib/thumb\libg.a(lib_a-vfiprintf.o)
 .rodata._ctype_
                0x000000000201f3c8      0x101 c:/consoles/ndside/msys64/opt/devkitpro/devkitarm/bin/../lib/gcc/arm-none-eabi/8.3.0/../../../../arm-none-eabi/lib/thumb\libg.a(lib_a-ctype_.o)
                0x000000000201f3c8                _ctype_
 *fill*         0x000000000201f4c9        0x3 ff
 .rodata.str1.4
                0x000000000201f4cc       0x48 c:/consoles/ndside/msys64/opt/devkitpro/devkitarm/bin/../lib/gcc/arm-none-eabi/8.3.0/../../../../arm-none-eabi/lib/thumb\libg.a(lib_a-locale.o)
                                         0x4c (size before relaxing)
 .rodata._mbrtowc_r.str1.4
                0x000000000201f514        0x1 c:/consoles/ndside/msys64/opt/devkitpro/devkitarm/bin/../lib/gcc/arm-none-eabi/8.3.0/../../../../arm-none-eabi/lib/thumb\libg.a(lib_a-mbrtowc.o)
 .rodata.__action_table
                0x000000000201f514       0x6c c:/consoles/ndside/msys64/opt/devkitpro/devkitarm/bin/../lib/gcc/arm-none-eabi/8.3.0/../../../../arm-none-eabi/lib/thumb\libg.a(lib_a-svfiprintf.o)
                0x000000000201f514                __action_table
 .rodata.__chclass
                0x000000000201f580      0x100 c:/consoles/ndside/msys64/opt/devkitpro/devkitarm/bin/../lib/gcc/arm-none-eabi/8.3.0/../../../../arm-none-eabi/lib/thumb\libg.a(lib_a-svfiprintf.o)
                0x000000000201f580                __chclass
 .rodata.__state_table
                0x000000000201f680       0x6c c:/consoles/ndside/msys64/opt/devkitpro/devkitarm/bin/../lib/gcc/arm-none-eabi/8.3.0/../../../../arm-none-eabi/lib/thumb\libg.a(lib_a-svfiprintf.o)
                0x000000000201f680                __state_table
 .rodata.__jp2uc
                0x000000000201f6ec       0x20 c:/consoles/ndside/msys64/opt/devkitpro/devkitarm/bin/../lib/gcc/arm-none-eabi/8.3.0/../../../../arm-none-eabi/lib/thumb\libg.a(lib_a-jp2uc.o)
 .rodata._jp2uc_l.str1.4
                0x000000000201f70c       0x12 c:/consoles/ndside/msys64/opt/devkitpro/devkitarm/bin/../lib/gcc/arm-none-eabi/8.3.0/../../../../arm-none-eabi/lib/thumb\libg.a(lib_a-jp2uc.o)
 *fill*         0x000000000201f71e        0x2 ff
 .rodata.a1     0x000000000201f720       0xbc c:/consoles/ndside/msys64/opt/devkitpro/devkitarm/bin/../lib/gcc/arm-none-eabi/8.3.0/../../../../arm-none-eabi/lib/thumb\libg.a(lib_a-jp2uc.o)
 .rodata.a2     0x000000000201f7dc       0xbc c:/consoles/ndside/msys64/opt/devkitpro/devkitarm/bin/../lib/gcc/arm-none-eabi/8.3.0/../../../../arm-none-eabi/lib/thumb\libg.a(lib_a-jp2uc.o)
 .rodata.a3     0x000000000201f898       0x5b c:/consoles/ndside/msys64/opt/devkitpro/devkitarm/bin/../lib/gcc/arm-none-eabi/8.3.0/../../../../arm-none-eabi/lib/thumb\libg.a(lib_a-jp2uc.o)
 *fill*         0x000000000201f8f3        0x1 ff
 .rodata.a6     0x000000000201f8f4       0x70 c:/consoles/ndside/msys64/opt/devkitpro/devkitarm/bin/../lib/gcc/arm-none-eabi/8.3.0/../../../../arm-none-eabi/lib/thumb\libg.a(lib_a-jp2uc.o)
 .rodata.a7     0x000000000201f964       0xa2 c:/consoles/ndside/msys64/opt/devkitpro/devkitarm/bin/../lib/gcc/arm-none-eabi/8.3.0/../../../../arm-none-eabi/lib/thumb\libg.a(lib_a-jp2uc.o)
 *fill*         0x000000000201fa06        0x2 ff
 .rodata.a8     0x000000000201fa08       0x40 c:/consoles/ndside/msys64/opt/devkitpro/devkitarm/bin/../lib/gcc/arm-none-eabi/8.3.0/../../../../arm-none-eabi/lib/thumb\libg.a(lib_a-jp2uc.o)
 .rodata.b02cf  0x000000000201fa48     0x172a c:/consoles/ndside/msys64/opt/devkitpro/devkitarm/bin/../lib/gcc/arm-none-eabi/8.3.0/../../../../arm-none-eabi/lib/thumb\libg.a(lib_a-jp2uc.o)
 *fill*         0x0000000002021172        0x2 ff
 .rodata.d02f4  0x0000000002021174     0x1a7c c:/consoles/ndside/msys64/opt/devkitpro/devkitarm/bin/../lib/gcc/arm-none-eabi/8.3.0/../../../../arm-none-eabi/lib/thumb\libg.a(lib_a-jp2uc.o)
 .rodata.categories
                0x0000000002022bf0     0x309c c:/consoles/ndside/msys64/opt/devkitpro/devkitarm/bin/../lib/gcc/arm-none-eabi/8.3.0/../../../../arm-none-eabi/lib/thumb\libg.a(lib_a-categories.o)
 .rodata.AddDevice.str1.4
                0x0000000002025c8c        0x8 c:/consoles/ndside/msys64/opt/devkitpro/devkitarm/bin/../lib/gcc/arm-none-eabi/8.3.0/../../../../arm-none-eabi/lib/thumb\libsysbase.a(iosupport.o)
 .rodata.dotab_stdnull
                0x0000000002025c94       0x70 c:/consoles/ndside/msys64/opt/devkitpro/devkitarm/bin/../lib/gcc/arm-none-eabi/8.3.0/../../../../arm-none-eabi/lib/thumb\libsysbase.a(iosupport.o)
                0x0000000002025c94                dotab_stdnull
 *(EXCLUDE_FILE(*.twl*) .gnu.linkonce.r*)
                0x0000000002025d04                . = ALIGN (0x4)

.ARM.extab
 *(.ARM.extab* .gnu.linkonce.armextab.*)
                0x0000000002025d04                __exidx_start = .

ARM.exidx
 *(.ARM.exidx* .gnu.linkonce.armexidx.*)
                0x0000000002025d04                __exidx_end = .
                0x0000000002025d04                . = ALIGN (0x4)
                0x0000000002025d04                PROVIDE (__preinit_array_start = .)

.preinit_array
 *(.preinit_array)
                0x0000000002025d04                PROVIDE (__preinit_array_end = .)
                0x0000000002025d04                PROVIDE (__init_array_start = .)

.init_array     0x0000000002025d04        0x4
 *(SORT_BY_NAME(.init_array.*))
 *(.init_array)
 .init_array    0x0000000002025d04        0x4 c:/consoles/ndside/msys64/opt/devkitpro/devkitarm/bin/../lib/gcc/arm-none-eabi/8.3.0/thumb/crtbegin.o
                0x0000000002025d08                PROVIDE (__init_array_end = .)
                [!provide]                        PROVIDE (__fini_array_start = .)

.fini_array     0x0000000002025d08        0x4
 *(.fini_array)
 .fini_array    0x0000000002025d08        0x4 c:/consoles/ndside/msys64/opt/devkitpro/devkitarm/bin/../lib/gcc/arm-none-eabi/8.3.0/thumb/crtbegin.o
 *(SORT_BY_NAME(.fini_array.*))
                [!provide]                        PROVIDE (__fini_array_end = .)

.ctors          0x0000000002025d0c        0x0
 *crtbegin.o(.ctors)
 *(EXCLUDE_FILE(*crtend.o) .ctors)
 *(SORT_BY_NAME(.ctors.*))
 *(.ctors)
                0x0000000002025d0c                . = ALIGN (0x4)

.dtors          0x0000000002025d0c        0x0
 *crtbegin.o(.dtors)
 *(EXCLUDE_FILE(*crtend.o) .dtors)
 *(SORT_BY_NAME(.dtors.*))
 *(.dtors)
                0x0000000002025d0c                . = ALIGN (0x4)

.eh_frame       0x0000000002025d0c        0x4
 *(.eh_frame)
 .eh_frame      0x0000000002025d0c        0x0 c:/consoles/ndside/msys64/opt/devkitpro/devkitarm/bin/../lib/gcc/arm-none-eabi/8.3.0/thumb/crtbegin.o
 .eh_frame      0x0000000002025d0c        0x4 c:/consoles/ndside/msys64/opt/devkitpro/devkitarm/bin/../lib/gcc/arm-none-eabi/8.3.0/thumb/crtend.o
                0x0000000002025d10                . = ALIGN (0x4)

.rel.dyn        0x0000000002025d10        0x0
 .rel.iplt      0x0000000002025d10        0x0 c:/consoles/ndside/msys64/opt/devkitpro/devkitarm/bin/../lib/gcc/arm-none-eabi/8.3.0/../../../../arm-none-eabi/lib/thumb/ds_arm9_crt0.o

.gcc_except_table
                0x0000000002025d10        0x0
 *(.gcc_except_table)
                0x0000000002025d10                . = ALIGN (0x4)

.jcr
 *(.jcr)

.got
 *(.got.plt)
 *(.got)
 *(.rel.got)

.ewram          0x0000000002025d10        0x0
                0x0000000002025d10                __ewram_start = ABSOLUTE (.)
 *(.ewram)
 *ewram.*(.text)
                0x0000000002025d10                . = ALIGN (0x4)

.data           0x0000000002025d10     0x1cf8
                0x0000000002025d10                __data_start = ABSOLUTE (.)
 *(EXCLUDE_FILE(*.twl*) .data)
 .data          0x0000000002025d10      0x110 template.o
                0x0000000002025d10                apple
                0x0000000002025d34                bomb
                0x0000000002025d58                basket
                0x0000000002025d74                lives
                0x0000000002025d78                name03
                0x0000000002025d94                name02
                0x0000000002025db0                name01
                0x0000000002025dcc                at
                0x0000000002025de8                name05
                0x0000000002025e04                name04
 .data          0x0000000002025e20       0x28 C:/CONSOLES/ndside/msys64/opt/devkitpro/libnds/lib\libnds9.a(mpu_setup.o)
 *(EXCLUDE_FILE(*.twl*) .data.*)
 .data.bgControl
                0x0000000002025e48       0x20 C:/CONSOLES/ndside/msys64/opt/devkitpro/libnds/lib\libnds9.a(background.o)
                0x0000000002025e48                bgControl
 .data.bgScrollTable
                0x0000000002025e68       0x20 C:/CONSOLES/ndside/msys64/opt/devkitpro/libnds/lib\libnds9.a(background.o)
                0x0000000002025e68                bgScrollTable
 .data.bgTransform
                0x0000000002025e88       0x20 C:/CONSOLES/ndside/msys64/opt/devkitpro/libnds/lib\libnds9.a(background.o)
                0x0000000002025e88                bgTransform
 .data.currentConsole
                0x0000000002025ea8        0x4 C:/CONSOLES/ndside/msys64/opt/devkitpro/libnds/lib\libnds9.a(console.o)
                0x0000000002025ea8                currentConsole
 .data.defaultConsole
                0x0000000002025eac       0x5c C:/CONSOLES/ndside/msys64/opt/devkitpro/libnds/lib\libnds9.a(console.o)
                0x0000000002025eac                defaultConsole
 .data.firstConsoleInit.6889
                0x0000000002025f08        0x1 C:/CONSOLES/ndside/msys64/opt/devkitpro/libnds/lib\libnds9.a(console.o)
 *fill*         0x0000000002025f09        0x3 ff
 .data.oamMain  0x0000000002025f0c       0x18 C:/CONSOLES/ndside/msys64/opt/devkitpro/libnds/lib\libnds9.a(sprite.o)
                0x0000000002025f0c                oamMain
 .data.oamSub   0x0000000002025f24       0x18 C:/CONSOLES/ndside/msys64/opt/devkitpro/libnds/lib\libnds9.a(sprite.o)
                0x0000000002025f24                oamSub
 .data.count    0x0000000002025f3c        0x1 C:/CONSOLES/ndside/msys64/opt/devkitpro/libnds/lib\libnds9.a(keys.o)
 .data.delay    0x0000000002025f3d        0x1 C:/CONSOLES/ndside/msys64/opt/devkitpro/libnds/lib\libnds9.a(keys.o)
 .data.repeat   0x0000000002025f3e        0x1 C:/CONSOLES/ndside/msys64/opt/devkitpro/libnds/lib\libnds9.a(keys.o)
 *fill*         0x0000000002025f3f        0x1 ff
 .data.fifo_buffer_free
                0x0000000002025f40        0x4 C:/CONSOLES/ndside/msys64/opt/devkitpro/libnds/lib\libnds9.a(fifosystem.o)
                0x0000000002025f40                fifo_buffer_free
 .data.fifo_freewords
                0x0000000002025f44        0x4 C:/CONSOLES/ndside/msys64/opt/devkitpro/libnds/lib\libnds9.a(fifosystem.o)
                0x0000000002025f44                fifo_freewords
 .data.fifo_receive_queue
                0x0000000002025f48        0x4 C:/CONSOLES/ndside/msys64/opt/devkitpro/libnds/lib\libnds9.a(fifosystem.o)
                0x0000000002025f48                fifo_receive_queue
 .data.fifo_send_queue
                0x0000000002025f4c        0x4 C:/CONSOLES/ndside/msys64/opt/devkitpro/libnds/lib\libnds9.a(fifosystem.o)
                0x0000000002025f4c                fifo_send_queue
 .data.__malloc_av_
                0x0000000002025f50      0x408 c:/consoles/ndside/msys64/opt/devkitpro/devkitarm/bin/../lib/gcc/arm-none-eabi/8.3.0/../../../../arm-none-eabi/lib/thumb\libg.a(lib_a-mallocr.o)
                0x0000000002025f50                __malloc_av_
 .data.__malloc_sbrk_base
                0x0000000002026358        0x4 c:/consoles/ndside/msys64/opt/devkitpro/devkitarm/bin/../lib/gcc/arm-none-eabi/8.3.0/../../../../arm-none-eabi/lib/thumb\libg.a(lib_a-mallocr.o)
                0x0000000002026358                __malloc_sbrk_base
 .data.__malloc_trim_threshold
                0x000000000202635c        0x4 c:/consoles/ndside/msys64/opt/devkitpro/devkitarm/bin/../lib/gcc/arm-none-eabi/8.3.0/../../../../arm-none-eabi/lib/thumb\libg.a(lib_a-mallocr.o)
                0x000000000202635c                __malloc_trim_threshold
 .data.__malloc_recursive_mutex
                0x0000000002026360        0xc c:/consoles/ndside/msys64/opt/devkitpro/devkitarm/bin/../lib/gcc/arm-none-eabi/8.3.0/../../../../arm-none-eabi/lib/thumb\libg.a(lib_a-mlock.o)
 .data.__sfp_recursive_mutex
                0x000000000202636c        0xc c:/consoles/ndside/msys64/opt/devkitpro/devkitarm/bin/../lib/gcc/arm-none-eabi/8.3.0/../../../../arm-none-eabi/lib/thumb\libg.a(lib_a-findfp.o)
 .data.__sinit_recursive_mutex
                0x0000000002026378        0xc c:/consoles/ndside/msys64/opt/devkitpro/devkitarm/bin/../lib/gcc/arm-none-eabi/8.3.0/../../../../arm-none-eabi/lib/thumb\libg.a(lib_a-findfp.o)
 .data._impure_ptr
                0x0000000002026384        0x4 c:/consoles/ndside/msys64/opt/devkitpro/devkitarm/bin/../lib/gcc/arm-none-eabi/8.3.0/../../../../arm-none-eabi/lib/thumb\libg.a(lib_a-impure.o)
                0x0000000002026384                _impure_ptr
 *fill*         0x0000000002026388        0x0 ff
 .data.impure_data
                0x0000000002026388      0x460 c:/consoles/ndside/msys64/opt/devkitpro/devkitarm/bin/../lib/gcc/arm-none-eabi/8.3.0/../../../../arm-none-eabi/lib/thumb\libg.a(lib_a-impure.o)
 .data.__global_locale
                0x00000000020267e8      0x16c c:/consoles/ndside/msys64/opt/devkitpro/devkitarm/bin/../lib/gcc/arm-none-eabi/8.3.0/../../../../arm-none-eabi/lib/thumb\libg.a(lib_a-locale.o)
                0x00000000020267e8                __global_locale
 .data.devoptab_list
                0x0000000002026954       0x8c c:/consoles/ndside/msys64/opt/devkitpro/devkitarm/bin/../lib/gcc/arm-none-eabi/8.3.0/../../../../arm-none-eabi/lib/thumb\libsysbase.a(iosupport.o)
                0x0000000002026954                devoptab_list
 .data.__hndl_lock
                0x00000000020269e0        0x4 c:/consoles/ndside/msys64/opt/devkitpro/devkitarm/bin/../lib/gcc/arm-none-eabi/8.3.0/../../../../arm-none-eabi/lib/thumb\libsysbase.a(handle_manager.o)
 .data.__stderr_handle
                0x00000000020269e4        0xc c:/consoles/ndside/msys64/opt/devkitpro/devkitarm/bin/../lib/gcc/arm-none-eabi/8.3.0/../../../../arm-none-eabi/lib/thumb\libsysbase.a(handle_manager.o)
 .data.__stdin_handle
                0x00000000020269f0        0xc c:/consoles/ndside/msys64/opt/devkitpro/devkitarm/bin/../lib/gcc/arm-none-eabi/8.3.0/../../../../arm-none-eabi/lib/thumb\libsysbase.a(handle_manager.o)
 .data.__stdout_handle
                0x00000000020269fc        0xc c:/consoles/ndside/msys64/opt/devkitpro/devkitarm/bin/../lib/gcc/arm-none-eabi/8.3.0/../../../../arm-none-eabi/lib/thumb\libsysbase.a(handle_manager.o)
 .data.handles  0x0000000002026a08     0x1000 c:/consoles/ndside/msys64/opt/devkitpro/devkitarm/bin/../lib/gcc/arm-none-eabi/8.3.0/../../../../arm-none-eabi/lib/thumb\libsysbase.a(handle_manager.o)
 *(EXCLUDE_FILE(*.twl*) .gnu.linkonce.d*)
                0x0000000002027a08                . = ALIGN (0x4)
                0x0000000002027a08                __data_end = ABSOLUTE (.)
                0x0000000002027a08                __bss_vma = .

.igot.plt       0x0000000002027a08        0x0
 .igot.plt      0x0000000002027a08        0x0 c:/consoles/ndside/msys64/opt/devkitpro/devkitarm/bin/../lib/gcc/arm-none-eabi/8.3.0/../../../../arm-none-eabi/lib/thumb/ds_arm9_crt0.o

.tm_clone_table
                0x0000000002027a08        0x0
 .tm_clone_table
                0x0000000002027a08        0x0 c:/consoles/ndside/msys64/opt/devkitpro/devkitarm/bin/../lib/gcc/arm-none-eabi/8.3.0/thumb/crtbegin.o
 .tm_clone_table
                0x0000000002027a08        0x0 c:/consoles/ndside/msys64/opt/devkitpro/devkitarm/bin/../lib/gcc/arm-none-eabi/8.3.0/thumb/crtend.o

.dtcm           0x000000000b000000        0x0 load address 0x0000000002027a08
                0x0000000002027a08                __dtcm_lma = LOADADDR (.dtcm)
                0x000000000b000000                __dtcm_start = ABSOLUTE (.)
 *(.dtcm)
 *(.dtcm.*)
                0x000000000b000000                . = ALIGN (0x4)
                0x000000000b000000                __dtcm_end = ABSOLUTE (.)

.itcm           0x0000000001000100      0x194 load address 0x0000000002027a08
                0x0000000002027a08                __itcm_lma = LOADADDR (.itcm)
                0x0000000001000100                __itcm_start = ABSOLUTE (.)
 *(.itcm)
 .itcm          0x0000000001000100       0xc8 C:/CONSOLES/ndside/msys64/opt/devkitpro/libnds/lib\libnds9.a(interrupts.o)
                0x0000000001000100                irqTable
 .itcm          0x00000000010001c8       0xcc C:/CONSOLES/ndside/msys64/opt/devkitpro/libnds/lib\libnds9.a(interruptDispatcher.o)
                0x00000000010001c8                IntrMain
 *.itcm*(.text .stub .text.*)
                0x0000000001000294                . = ALIGN (0x4)
                0x0000000001000294                __itcm_end = ABSOLUTE (.)

.vectors        0x0000000001000000        0x0 load address 0x0000000002027b9c
                0x0000000002027b9c                __vectors_lma = LOADADDR (.vectors)
                0x0000000001000000                __vectors_start = ABSOLUTE (.)
 *(.vectors .vectors.*)
                0x0000000001000000                . = ALIGN (0x4)
                0x0000000001000000                __vectors_end = ABSOLUTE (.)

.sbss           0x000000000b000000        0x0
                0x000000000b000000                __sbss_start = ABSOLUTE (.)
                0x000000000b000000                __sbss_start__ = ABSOLUTE (.)
 *(.sbss)
                0x000000000b000000                . = ALIGN (0x4)
                0x000000000b000000                __sbss_end = ABSOLUTE (.)

.bss            0x0000000002027a08     0x14e4
                0x0000000002027a08                __bss_start = ABSOLUTE (.)
                0x0000000002027a08                __bss_start__ = ABSOLUTE (.)
 *(EXCLUDE_FILE(*.twl*) .dynbss)
 *(EXCLUDE_FILE(*.twl*) .gnu.linkonce.b*)
 *(EXCLUDE_FILE(*.twl*) .bss*)
 .bss.completed.9044
                0x0000000002027a08        0x1 c:/consoles/ndside/msys64/opt/devkitpro/devkitarm/bin/../lib/gcc/arm-none-eabi/8.3.0/thumb/crtbegin.o
 *fill*         0x0000000002027a09        0x3 
 .bss.object.9049
                0x0000000002027a0c       0x18 c:/consoles/ndside/msys64/opt/devkitpro/devkitarm/bin/../lib/gcc/arm-none-eabi/8.3.0/thumb/crtbegin.o
 .bss           0x0000000002027a24        0x5 template.o
                0x0000000002027a24                currAnim
                0x0000000002027a28                endGame
 *fill*         0x0000000002027a29        0x1 
 .bss.keys      0x0000000002027a2a        0x2 C:/CONSOLES/ndside/msys64/opt/devkitpro/libnds/lib\libnds9.a(keys.o)
 .bss.keysold   0x0000000002027a2c        0x2 C:/CONSOLES/ndside/msys64/opt/devkitpro/libnds/lib\libnds9.a(keys.o)
 .bss.keysrepeat
                0x0000000002027a2e        0x2 C:/CONSOLES/ndside/msys64/opt/devkitpro/libnds/lib\libnds9.a(keys.o)
 .bss.processing
                0x0000000002027a30        0x4 C:/CONSOLES/ndside/msys64/opt/devkitpro/libnds/lib\libnds9.a(fifosystem.o)
                0x0000000002027a30                processing
 .bss.SDcallback
                0x0000000002027a34        0x4 C:/CONSOLES/ndside/msys64/opt/devkitpro/libnds/lib\libnds9.a(system.o)
 .bss.__malloc_current_mallinfo
                0x0000000002027a38       0x28 c:/consoles/ndside/msys64/opt/devkitpro/devkitarm/bin/../lib/gcc/arm-none-eabi/8.3.0/../../../../arm-none-eabi/lib/thumb\libg.a(lib_a-mallocr.o)
                0x0000000002027a38                __malloc_current_mallinfo
 .bss.__malloc_max_sbrked_mem
                0x0000000002027a60        0x4 c:/consoles/ndside/msys64/opt/devkitpro/devkitarm/bin/../lib/gcc/arm-none-eabi/8.3.0/../../../../arm-none-eabi/lib/thumb\libg.a(lib_a-mallocr.o)
                0x0000000002027a60                __malloc_max_sbrked_mem
 .bss.__malloc_max_total_mem
                0x0000000002027a64        0x4 c:/consoles/ndside/msys64/opt/devkitpro/devkitarm/bin/../lib/gcc/arm-none-eabi/8.3.0/../../../../arm-none-eabi/lib/thumb\libg.a(lib_a-mallocr.o)
                0x0000000002027a64                __malloc_max_total_mem
 .bss.__malloc_top_pad
                0x0000000002027a68        0x4 c:/consoles/ndside/msys64/opt/devkitpro/devkitarm/bin/../lib/gcc/arm-none-eabi/8.3.0/../../../../arm-none-eabi/lib/thumb\libg.a(lib_a-mallocr.o)
                0x0000000002027a68                __malloc_top_pad
 .bss.heap_start.6107
                0x0000000002027a6c        0x4 c:/consoles/ndside/msys64/opt/devkitpro/devkitarm/bin/../lib/gcc/arm-none-eabi/8.3.0/../../../../arm-none-eabi/lib/thumb\libsysbase.a(sbrk.o)
 .bss.fake_heap_end
                0x0000000002027a70        0x4 c:/consoles/ndside/msys64/opt/devkitpro/devkitarm/bin/../lib/gcc/arm-none-eabi/8.3.0/../../../../arm-none-eabi/lib/thumb\libsysbase.a(malloc_vars.o)
                0x0000000002027a70                fake_heap_end
 .bss.fake_heap_start
                0x0000000002027a74        0x4 c:/consoles/ndside/msys64/opt/devkitpro/devkitarm/bin/../lib/gcc/arm-none-eabi/8.3.0/../../../../arm-none-eabi/lib/thumb\libsysbase.a(malloc_vars.o)
                0x0000000002027a74                fake_heap_start
 .bss.__syscalls
                0x0000000002027a78       0x48 c:/consoles/ndside/msys64/opt/devkitpro/devkitarm/bin/../lib/gcc/arm-none-eabi/8.3.0/../../../../arm-none-eabi/lib/thumb\libsysbase.a(syscall_support.o)
                0x0000000002027a78                __syscalls
 *(EXCLUDE_FILE(*.twl*) COMMON)
 COMMON         0x0000000002027ac0       0x40 template.o
                0x0000000002027ac0                curr
                0x0000000002027ae4                mLives
 COMMON         0x0000000002027b00      0x148 C:/CONSOLES/ndside/msys64/opt/devkitpro/libnds/lib\libnds9.a(background.o)
                0x0000000002027b00                bgState
                0x0000000002027c40                bgIsTextLut
 COMMON         0x0000000002027c48       0x5c C:/CONSOLES/ndside/msys64/opt/devkitpro/libnds/lib\libnds9.a(console.o)
                0x0000000002027c48                currentCopy
 COMMON         0x0000000002027ca4      0x800 C:/CONSOLES/ndside/msys64/opt/devkitpro/libnds/lib\libnds9.a(sprite.o)
                0x0000000002027ca4                OamMemorySub
                0x00000000020280a4                OamMemory
 COMMON         0x00000000020284a4        0x1 C:/CONSOLES/ndside/msys64/opt/devkitpro/libnds/lib\libnds9.a(initSystem.o)
                0x00000000020284a4                __dsimode
 *fill*         0x00000000020284a5        0x3 
 COMMON         0x00000000020284a8        0x4 C:/CONSOLES/ndside/msys64/opt/devkitpro/libnds/lib\libnds9.a(timeSupport.o)
                0x00000000020284a8                punixTime
 COMMON         0x00000000020284ac      0xa40 C:/CONSOLES/ndside/msys64/opt/devkitpro/libnds/lib\libnds9.a(fifosystem.o)
                0x00000000020284ac                fifo_datamsg_data
                0x00000000020284ec                fifo_buffer
                0x0000000002028cec                fifo_value32_func
                0x0000000002028d2c                fifo_address_func
                0x0000000002028d6c                fifo_value32_data
                0x0000000002028dac                fifo_value32_queue
                0x0000000002028dec                fifo_data_queue
                0x0000000002028e2c                fifo_address_data
                0x0000000002028e6c                fifo_datamsg_func
                0x0000000002028eac                fifo_address_queue
                0x0000000002028eec                . = ALIGN (0x4)
                0x0000000002028eec                __bss_end__ = ABSOLUTE (.)
                0x0000000002028eec                __end__ = ABSOLUTE (.)

.twl            0x0000000002028eec        0x0 load address 0x0000000002400000
                0x0000000002400000                __arm9i_lma__ = LOADADDR (.twl)
                0x0000000002028eec                __arm9i_start__ = ABSOLUTE (.)
 *(.twl)
 *.twl*(.text .stub .text.* .gnu.linkonce.t.*)
 *.twl*(.rodata)
 *.twl*(.roda)
 *.twl*(.rodata.*)
 *.twl*(.data)
 *.twl*(.data.*)
 *.twl*(.gnu.linkonce.d*)
                0x0000000002028eec                __arm9i_end__ = ABSOLUTE (.)

.twl_bss        0x0000000002028eec        0x0
                0x0000000002028eec                __twl_bss_start__ = ABSOLUTE (.)
 *(.twl_bss)
 *.twl*(.dynbss)
 *.twl*(.gnu.linkonce.b*)
 *.twl*(.bss*)
 *.twl*(COMMON)
                0x0000000002028eec                . = ALIGN (0x4)
                0x0000000002028eec                __twl_bss_end__ = ABSOLUTE (.)
                0x0000000002028eec                __twl_end__ = ABSOLUTE (.)

.stab
 *(.stab)

.stabstr
 *(.stabstr)

.stab.excl
 *(.stab.excl)

.stab.exclstr
 *(.stab.exclstr)

.stab.index
 *(.stab.index)

.stab.indexstr
 *(.stab.indexstr)

.comment        0x0000000000000000       0x44
 *(.comment)
 .comment       0x0000000000000000       0x22 c:/consoles/ndside/msys64/opt/devkitpro/devkitarm/bin/../lib/gcc/arm-none-eabi/8.3.0/thumb/crtbegin.o
                                         0x23 (size before relaxing)
 .comment       0x0000000000000022       0x23 template.o
 .comment       0x0000000000000022       0x22 C:/CONSOLES/ndside/msys64/opt/devkitpro/libnds/lib\libnds9.a(background.o)
                                         0x23 (size before relaxing)
 .comment       0x0000000000000044       0x23 C:/CONSOLES/ndside/msys64/opt/devkitpro/libnds/lib\libnds9.a(sassert.o)
 .comment       0x0000000000000044       0x23 C:/CONSOLES/ndside/msys64/opt/devkitpro/libnds/lib\libnds9.a(sprite_alloc.o)
 .comment       0x0000000000000044       0x23 C:/CONSOLES/ndside/msys64/opt/devkitpro/libnds/lib\libnds9.a(console.o)
 .comment       0x0000000000000044       0x23 C:/CONSOLES/ndside/msys64/opt/devkitpro/libnds/lib\libnds9.a(window.o)
 .comment       0x0000000000000044       0x23 C:/CONSOLES/ndside/msys64/opt/devkitpro/libnds/lib\libnds9.a(trig.o)
 .comment       0x0000000000000044       0x23 C:/CONSOLES/ndside/msys64/opt/devkitpro/libnds/lib\libnds9.a(sprite.o)
 .comment       0x0000000000000044       0x23 C:/CONSOLES/ndside/msys64/opt/devkitpro/libnds/lib\libnds9.a(keys.o)
 .comment       0x0000000000000044       0x23 C:/CONSOLES/ndside/msys64/opt/devkitpro/libnds/lib\libnds9.a(initSystem.o)
 .comment       0x0000000000000044       0x23 C:/CONSOLES/ndside/msys64/opt/devkitpro/libnds/lib\libnds9.a(timeSupport.o)
 .comment       0x0000000000000044       0x23 C:/CONSOLES/ndside/msys64/opt/devkitpro/libnds/lib\libnds9.a(securearea.o)
 .comment       0x0000000000000044       0x23 C:/CONSOLES/ndside/msys64/opt/devkitpro/libnds/lib\libnds9.a(interrupts.o)
 .comment       0x0000000000000044       0x23 C:/CONSOLES/ndside/msys64/opt/devkitpro/libnds/lib\libnds9.a(libnds_exit.arm.o)
 .comment       0x0000000000000044       0x23 C:/CONSOLES/ndside/msys64/opt/devkitpro/libnds/lib\libnds9.a(fifosystem.o)
 .comment       0x0000000000000044       0x23 C:/CONSOLES/ndside/msys64/opt/devkitpro/libnds/lib\libnds9.a(video.o)
 .comment       0x0000000000000044       0x23 C:/CONSOLES/ndside/msys64/opt/devkitpro/libnds/lib\libnds9.a(system.o)
 .comment       0x0000000000000044       0x23 c:/consoles/ndside/msys64/opt/devkitpro/devkitarm/bin/../lib/gcc/arm-none-eabi/8.3.0/../../../../arm-none-eabi/lib/thumb\libg.a(lib_a-init.o)
 .comment       0x0000000000000044       0x23 c:/consoles/ndside/msys64/opt/devkitpro/devkitarm/bin/../lib/gcc/arm-none-eabi/8.3.0/../../../../arm-none-eabi/lib/thumb\libg.a(lib_a-iprintf.o)
 .comment       0x0000000000000044       0x23 c:/consoles/ndside/msys64/opt/devkitpro/devkitarm/bin/../lib/gcc/arm-none-eabi/8.3.0/../../../../arm-none-eabi/lib/thumb\libg.a(lib_a-malloc.o)
 .comment       0x0000000000000044       0x23 c:/consoles/ndside/msys64/opt/devkitpro/devkitarm/bin/../lib/gcc/arm-none-eabi/8.3.0/../../../../arm-none-eabi/lib/thumb\libg.a(lib_a-mallocr.o)
 .comment       0x0000000000000044       0x23 c:/consoles/ndside/msys64/opt/devkitpro/devkitarm/bin/../lib/gcc/arm-none-eabi/8.3.0/../../../../arm-none-eabi/lib/thumb\libg.a(lib_a-memcpy-stub.o)
 .comment       0x0000000000000044       0x23 c:/consoles/ndside/msys64/opt/devkitpro/devkitarm/bin/../lib/gcc/arm-none-eabi/8.3.0/../../../../arm-none-eabi/lib/thumb\libg.a(lib_a-memset.o)
 .comment       0x0000000000000044       0x23 c:/consoles/ndside/msys64/opt/devkitpro/devkitarm/bin/../lib/gcc/arm-none-eabi/8.3.0/../../../../arm-none-eabi/lib/thumb\libg.a(lib_a-mlock.o)
 .comment       0x0000000000000044       0x23 c:/consoles/ndside/msys64/opt/devkitpro/devkitarm/bin/../lib/gcc/arm-none-eabi/8.3.0/../../../../arm-none-eabi/lib/thumb\libg.a(lib_a-rand.o)
 .comment       0x0000000000000044       0x23 c:/consoles/ndside/msys64/opt/devkitpro/devkitarm/bin/../lib/gcc/arm-none-eabi/8.3.0/../../../../arm-none-eabi/lib/thumb\libg.a(lib_a-realloc.o)
 .comment       0x0000000000000044       0x23 c:/consoles/ndside/msys64/opt/devkitpro/devkitarm/bin/../lib/gcc/arm-none-eabi/8.3.0/../../../../arm-none-eabi/lib/thumb\libg.a(lib_a-reallocr.o)
 .comment       0x0000000000000044       0x23 c:/consoles/ndside/msys64/opt/devkitpro/devkitarm/bin/../lib/gcc/arm-none-eabi/8.3.0/../../../../arm-none-eabi/lib/thumb\libg.a(lib_a-setvbuf.o)
 .comment       0x0000000000000044       0x23 c:/consoles/ndside/msys64/opt/devkitpro/devkitarm/bin/../lib/gcc/arm-none-eabi/8.3.0/../../../../arm-none-eabi/lib/thumb\libg.a(lib_a-siscanf.o)
 .comment       0x0000000000000044       0x23 c:/consoles/ndside/msys64/opt/devkitpro/devkitarm/bin/../lib/gcc/arm-none-eabi/8.3.0/../../../../arm-none-eabi/lib/thumb\libg.a(lib_a-stdio.o)
 .comment       0x0000000000000044       0x23 c:/consoles/ndside/msys64/opt/devkitpro/devkitarm/bin/../lib/gcc/arm-none-eabi/8.3.0/../../../../arm-none-eabi/lib/thumb\libg.a(lib_a-strlen-stub.o)
 .comment       0x0000000000000044       0x23 c:/consoles/ndside/msys64/opt/devkitpro/devkitarm/bin/../lib/gcc/arm-none-eabi/8.3.0/../../../../arm-none-eabi/lib/thumb\libg.a(lib_a-svfiscanf.o)
 .comment       0x0000000000000044       0x23 c:/consoles/ndside/msys64/opt/devkitpro/devkitarm/bin/../lib/gcc/arm-none-eabi/8.3.0/../../../../arm-none-eabi/lib/thumb\libg.a(lib_a-ungetc.o)
 .comment       0x0000000000000044       0x23 c:/consoles/ndside/msys64/opt/devkitpro/devkitarm/bin/../lib/gcc/arm-none-eabi/8.3.0/../../../../arm-none-eabi/lib/thumb\libg.a(lib_a-vfiprintf.o)
 .comment       0x0000000000000044       0x23 c:/consoles/ndside/msys64/opt/devkitpro/devkitarm/bin/../lib/gcc/arm-none-eabi/8.3.0/../../../../arm-none-eabi/lib/thumb\libg.a(lib_a-viprintf.o)
 .comment       0x0000000000000044       0x23 c:/consoles/ndside/msys64/opt/devkitpro/devkitarm/bin/../lib/gcc/arm-none-eabi/8.3.0/../../../../arm-none-eabi/lib/thumb\libg.a(lib_a-wcrtomb.o)
 .comment       0x0000000000000044       0x23 c:/consoles/ndside/msys64/opt/devkitpro/devkitarm/bin/../lib/gcc/arm-none-eabi/8.3.0/../../../../arm-none-eabi/lib/thumb\libg.a(lib_a-wcsrtombs.o)
 .comment       0x0000000000000044       0x23 c:/consoles/ndside/msys64/opt/devkitpro/devkitarm/bin/../lib/gcc/arm-none-eabi/8.3.0/../../../../arm-none-eabi/lib/thumb\libg.a(lib_a-wsetup.o)
 .comment       0x0000000000000044       0x23 c:/consoles/ndside/msys64/opt/devkitpro/devkitarm/bin/../lib/gcc/arm-none-eabi/8.3.0/../../../../arm-none-eabi/lib/thumb\libg.a(lib_a-ctype_.o)
 .comment       0x0000000000000044       0x23 c:/consoles/ndside/msys64/opt/devkitpro/devkitarm/bin/../lib/gcc/arm-none-eabi/8.3.0/../../../../arm-none-eabi/lib/thumb\libg.a(lib_a-fflush.o)
 .comment       0x0000000000000044       0x23 c:/consoles/ndside/msys64/opt/devkitpro/devkitarm/bin/../lib/gcc/arm-none-eabi/8.3.0/../../../../arm-none-eabi/lib/thumb\libg.a(lib_a-findfp.o)
 .comment       0x0000000000000044       0x23 c:/consoles/ndside/msys64/opt/devkitpro/devkitarm/bin/../lib/gcc/arm-none-eabi/8.3.0/../../../../arm-none-eabi/lib/thumb\libg.a(lib_a-freer.o)
 .comment       0x0000000000000044       0x23 c:/consoles/ndside/msys64/opt/devkitpro/devkitarm/bin/../lib/gcc/arm-none-eabi/8.3.0/../../../../arm-none-eabi/lib/thumb\libg.a(lib_a-fvwrite.o)
 .comment       0x0000000000000044       0x23 c:/consoles/ndside/msys64/opt/devkitpro/devkitarm/bin/../lib/gcc/arm-none-eabi/8.3.0/../../../../arm-none-eabi/lib/thumb\libg.a(lib_a-fwalk.o)
 .comment       0x0000000000000044       0x23 c:/consoles/ndside/msys64/opt/devkitpro/devkitarm/bin/../lib/gcc/arm-none-eabi/8.3.0/../../../../arm-none-eabi/lib/thumb\libg.a(lib_a-impure.o)
 .comment       0x0000000000000044       0x23 c:/consoles/ndside/msys64/opt/devkitpro/devkitarm/bin/../lib/gcc/arm-none-eabi/8.3.0/../../../../arm-none-eabi/lib/thumb\libg.a(lib_a-iswspace.o)
 .comment       0x0000000000000044       0x23 c:/consoles/ndside/msys64/opt/devkitpro/devkitarm/bin/../lib/gcc/arm-none-eabi/8.3.0/../../../../arm-none-eabi/lib/thumb\libg.a(lib_a-localeconv.o)
 .comment       0x0000000000000044       0x23 c:/consoles/ndside/msys64/opt/devkitpro/devkitarm/bin/../lib/gcc/arm-none-eabi/8.3.0/../../../../arm-none-eabi/lib/thumb\libg.a(lib_a-locale.o)
 .comment       0x0000000000000044       0x23 c:/consoles/ndside/msys64/opt/devkitpro/devkitarm/bin/../lib/gcc/arm-none-eabi/8.3.0/../../../../arm-none-eabi/lib/thumb\libg.a(lib_a-makebuf.o)
 .comment       0x0000000000000044       0x23 c:/consoles/ndside/msys64/opt/devkitpro/devkitarm/bin/../lib/gcc/arm-none-eabi/8.3.0/../../../../arm-none-eabi/lib/thumb\libg.a(lib_a-mbrtowc.o)
 .comment       0x0000000000000044       0x23 c:/consoles/ndside/msys64/opt/devkitpro/devkitarm/bin/../lib/gcc/arm-none-eabi/8.3.0/../../../../arm-none-eabi/lib/thumb\libg.a(lib_a-mbtowc_r.o)
 .comment       0x0000000000000044       0x23 c:/consoles/ndside/msys64/opt/devkitpro/devkitarm/bin/../lib/gcc/arm-none-eabi/8.3.0/../../../../arm-none-eabi/lib/thumb\libg.a(lib_a-memchr-stub.o)
 .comment       0x0000000000000044       0x23 c:/consoles/ndside/msys64/opt/devkitpro/devkitarm/bin/../lib/gcc/arm-none-eabi/8.3.0/../../../../arm-none-eabi/lib/thumb\libg.a(lib_a-memmove.o)
 .comment       0x0000000000000044       0x23 c:/consoles/ndside/msys64/opt/devkitpro/devkitarm/bin/../lib/gcc/arm-none-eabi/8.3.0/../../../../arm-none-eabi/lib/thumb\libg.a(lib_a-sccl.o)
 .comment       0x0000000000000044       0x23 c:/consoles/ndside/msys64/opt/devkitpro/devkitarm/bin/../lib/gcc/arm-none-eabi/8.3.0/../../../../arm-none-eabi/lib/thumb\libg.a(lib_a-strncpy.o)
 .comment       0x0000000000000044       0x23 c:/consoles/ndside/msys64/opt/devkitpro/devkitarm/bin/../lib/gcc/arm-none-eabi/8.3.0/../../../../arm-none-eabi/lib/thumb\libg.a(lib_a-strtoll.o)
 .comment       0x0000000000000044       0x23 c:/consoles/ndside/msys64/opt/devkitpro/devkitarm/bin/../lib/gcc/arm-none-eabi/8.3.0/../../../../arm-none-eabi/lib/thumb\libg.a(lib_a-strtol.o)
 .comment       0x0000000000000044       0x23 c:/consoles/ndside/msys64/opt/devkitpro/devkitarm/bin/../lib/gcc/arm-none-eabi/8.3.0/../../../../arm-none-eabi/lib/thumb\libg.a(lib_a-strtoull.o)
 .comment       0x0000000000000044       0x23 c:/consoles/ndside/msys64/opt/devkitpro/devkitarm/bin/../lib/gcc/arm-none-eabi/8.3.0/../../../../arm-none-eabi/lib/thumb\libg.a(lib_a-strtoul.o)
 .comment       0x0000000000000044       0x23 c:/consoles/ndside/msys64/opt/devkitpro/devkitarm/bin/../lib/gcc/arm-none-eabi/8.3.0/../../../../arm-none-eabi/lib/thumb\libg.a(lib_a-svfiprintf.o)
 .comment       0x0000000000000044       0x23 c:/consoles/ndside/msys64/opt/devkitpro/devkitarm/bin/../lib/gcc/arm-none-eabi/8.3.0/../../../../arm-none-eabi/lib/thumb\libg.a(lib_a-wcsnrtombs.o)
 .comment       0x0000000000000044       0x23 c:/consoles/ndside/msys64/opt/devkitpro/devkitarm/bin/../lib/gcc/arm-none-eabi/8.3.0/../../../../arm-none-eabi/lib/thumb\libg.a(lib_a-wctomb_r.o)
 .comment       0x0000000000000044       0x23 c:/consoles/ndside/msys64/opt/devkitpro/devkitarm/bin/../lib/gcc/arm-none-eabi/8.3.0/../../../../arm-none-eabi/lib/thumb\libg.a(lib_a-fclose.o)
 .comment       0x0000000000000044       0x23 c:/consoles/ndside/msys64/opt/devkitpro/devkitarm/bin/../lib/gcc/arm-none-eabi/8.3.0/../../../../arm-none-eabi/lib/thumb\libg.a(lib_a-iswspace_l.o)
 .comment       0x0000000000000044       0x23 c:/consoles/ndside/msys64/opt/devkitpro/devkitarm/bin/../lib/gcc/arm-none-eabi/8.3.0/../../../../arm-none-eabi/lib/thumb\libg.a(lib_a-jp2uc.o)
 .comment       0x0000000000000044       0x23 c:/consoles/ndside/msys64/opt/devkitpro/devkitarm/bin/../lib/gcc/arm-none-eabi/8.3.0/../../../../arm-none-eabi/lib/thumb\libg.a(lib_a-categories.o)
 .comment       0x0000000000000044       0x23 c:/consoles/ndside/msys64/opt/devkitpro/devkitarm/bin/../lib/gcc/arm-none-eabi/8.3.0/../../../../arm-none-eabi/lib/thumb\libsysbase.a(iosupport.o)
 .comment       0x0000000000000044       0x23 c:/consoles/ndside/msys64/opt/devkitpro/devkitarm/bin/../lib/gcc/arm-none-eabi/8.3.0/../../../../arm-none-eabi/lib/thumb\libsysbase.a(close.o)
 .comment       0x0000000000000044       0x23 c:/consoles/ndside/msys64/opt/devkitpro/devkitarm/bin/../lib/gcc/arm-none-eabi/8.3.0/../../../../arm-none-eabi/lib/thumb\libsysbase.a(fstat.o)
 .comment       0x0000000000000044       0x23 c:/consoles/ndside/msys64/opt/devkitpro/devkitarm/bin/../lib/gcc/arm-none-eabi/8.3.0/../../../../arm-none-eabi/lib/thumb\libsysbase.a(isatty.o)
 .comment       0x0000000000000044       0x23 c:/consoles/ndside/msys64/opt/devkitpro/devkitarm/bin/../lib/gcc/arm-none-eabi/8.3.0/../../../../arm-none-eabi/lib/thumb\libsysbase.a(lseek.o)
 .comment       0x0000000000000044       0x23 c:/consoles/ndside/msys64/opt/devkitpro/devkitarm/bin/../lib/gcc/arm-none-eabi/8.3.0/../../../../arm-none-eabi/lib/thumb\libsysbase.a(read.o)
 .comment       0x0000000000000044       0x23 c:/consoles/ndside/msys64/opt/devkitpro/devkitarm/bin/../lib/gcc/arm-none-eabi/8.3.0/../../../../arm-none-eabi/lib/thumb\libsysbase.a(sbrk.o)
 .comment       0x0000000000000044       0x23 c:/consoles/ndside/msys64/opt/devkitpro/devkitarm/bin/../lib/gcc/arm-none-eabi/8.3.0/../../../../arm-none-eabi/lib/thumb\libsysbase.a(write.o)
 .comment       0x0000000000000044       0x23 c:/consoles/ndside/msys64/opt/devkitpro/devkitarm/bin/../lib/gcc/arm-none-eabi/8.3.0/../../../../arm-none-eabi/lib/thumb\libsysbase.a(malloc_vars.o)
 .comment       0x0000000000000044       0x23 c:/consoles/ndside/msys64/opt/devkitpro/devkitarm/bin/../lib/gcc/arm-none-eabi/8.3.0/../../../../arm-none-eabi/lib/thumb\libsysbase.a(build_argv.o)
 .comment       0x0000000000000044       0x23 c:/consoles/ndside/msys64/opt/devkitpro/devkitarm/bin/../lib/gcc/arm-none-eabi/8.3.0/../../../../arm-none-eabi/lib/thumb\libsysbase.a(flock.o)
 .comment       0x0000000000000044       0x23 c:/consoles/ndside/msys64/opt/devkitpro/devkitarm/bin/../lib/gcc/arm-none-eabi/8.3.0/../../../../arm-none-eabi/lib/thumb\libsysbase.a(syscall_support.o)
 .comment       0x0000000000000044       0x23 c:/consoles/ndside/msys64/opt/devkitpro/devkitarm/bin/../lib/gcc/arm-none-eabi/8.3.0/../../../../arm-none-eabi/lib/thumb\libsysbase.a(handle_manager.o)
 .comment       0x0000000000000044       0x23 c:/consoles/ndside/msys64/opt/devkitpro/devkitarm/bin/../lib/gcc/arm-none-eabi/8.3.0/../../../../arm-none-eabi/lib/thumb\libsysbase.a(getreent.o)
 .comment       0x0000000000000044       0x23 c:/consoles/ndside/msys64/opt/devkitpro/devkitarm/bin/../lib/gcc/arm-none-eabi/8.3.0/thumb\libgcc.a(_muldi3.o)
 .comment       0x0000000000000044       0x23 c:/consoles/ndside/msys64/opt/devkitpro/devkitarm/bin/../lib/gcc/arm-none-eabi/8.3.0/thumb\libgcc.a(_udivmoddi4.o)
 .comment       0x0000000000000044       0x23 c:/consoles/ndside/msys64/opt/devkitpro/devkitarm/bin/../lib/gcc/arm-none-eabi/8.3.0/thumb/crtend.o

.ARM.attributes
                0x0000000000000000       0x2d
 .ARM.attributes
                0x0000000000000000       0x21 c:/consoles/ndside/msys64/opt/devkitpro/devkitarm/bin/../lib/gcc/arm-none-eabi/8.3.0/../../../../arm-none-eabi/lib/thumb/ds_arm9_crt0.o
 .ARM.attributes
                0x0000000000000021       0x1c c:/consoles/ndside/msys64/opt/devkitpro/devkitarm/bin/../lib/gcc/arm-none-eabi/8.3.0/thumb/crti.o
 .ARM.attributes
                0x000000000000003d       0x2a c:/consoles/ndside/msys64/opt/devkitpro/devkitarm/bin/../lib/gcc/arm-none-eabi/8.3.0/thumb/crtbegin.o
 .ARM.attributes
                0x0000000000000067       0x1a bg.o
 .ARM.attributes
                0x0000000000000081       0x1a SpriteSheet.o
 .ARM.attributes
                0x000000000000009b       0x27 template.o
 .ARM.attributes
                0x00000000000000c2       0x2b C:/CONSOLES/ndside/msys64/opt/devkitpro/libnds/lib\libnds9.a(background.o)
 .ARM.attributes
                0x00000000000000ed       0x2b C:/CONSOLES/ndside/msys64/opt/devkitpro/libnds/lib\libnds9.a(sassert.o)
 .ARM.attributes
                0x0000000000000118       0x2b C:/CONSOLES/ndside/msys64/opt/devkitpro/libnds/lib\libnds9.a(sprite_alloc.o)
 .ARM.attributes
                0x0000000000000143       0x2b C:/CONSOLES/ndside/msys64/opt/devkitpro/libnds/lib\libnds9.a(console.o)
 .ARM.attributes
                0x000000000000016e       0x2b C:/CONSOLES/ndside/msys64/opt/devkitpro/libnds/lib\libnds9.a(window.o)
 .ARM.attributes
                0x0000000000000199       0x2b C:/CONSOLES/ndside/msys64/opt/devkitpro/libnds/lib\libnds9.a(trig.o)
 .ARM.attributes
                0x00000000000001c4       0x2b C:/CONSOLES/ndside/msys64/opt/devkitpro/libnds/lib\libnds9.a(sprite.o)
 .ARM.attributes
                0x00000000000001ef       0x2b C:/CONSOLES/ndside/msys64/opt/devkitpro/libnds/lib\libnds9.a(keys.o)
 .ARM.attributes
                0x000000000000021a       0x2b C:/CONSOLES/ndside/msys64/opt/devkitpro/libnds/lib\libnds9.a(initSystem.o)
 .ARM.attributes
                0x0000000000000245       0x2b C:/CONSOLES/ndside/msys64/opt/devkitpro/libnds/lib\libnds9.a(timeSupport.o)
 .ARM.attributes
                0x0000000000000270       0x2b C:/CONSOLES/ndside/msys64/opt/devkitpro/libnds/lib\libnds9.a(securearea.o)
 .ARM.attributes
                0x000000000000029b       0x2b C:/CONSOLES/ndside/msys64/opt/devkitpro/libnds/lib\libnds9.a(interrupts.o)
 .ARM.attributes
                0x00000000000002c6       0x2b C:/CONSOLES/ndside/msys64/opt/devkitpro/libnds/lib\libnds9.a(libnds_exit.arm.o)
 .ARM.attributes
                0x00000000000002f1       0x2b C:/CONSOLES/ndside/msys64/opt/devkitpro/libnds/lib\libnds9.a(fifosystem.o)
 .ARM.attributes
                0x000000000000031c       0x1b C:/CONSOLES/ndside/msys64/opt/devkitpro/libnds/lib\libnds9.a(dcache.o)
 .ARM.attributes
                0x0000000000000337       0x21 C:/CONSOLES/ndside/msys64/opt/devkitpro/libnds/lib\libnds9.a(mpu_setup.o)
 .ARM.attributes
                0x0000000000000358       0x21 C:/CONSOLES/ndside/msys64/opt/devkitpro/libnds/lib\libnds9.a(IntrWait.o)
 .ARM.attributes
                0x0000000000000379       0x21 C:/CONSOLES/ndside/msys64/opt/devkitpro/libnds/lib\libnds9.a(cpu_clock.o)
 .ARM.attributes
                0x000000000000039a       0x1b C:/CONSOLES/ndside/msys64/opt/devkitpro/libnds/lib\libnds9.a(interruptDispatcher.o)
 .ARM.attributes
                0x00000000000003b5       0x21 C:/CONSOLES/ndside/msys64/opt/devkitpro/libnds/lib\libnds9.a(swiSoftReset.o)
 .ARM.attributes
                0x00000000000003d6       0x14 C:/CONSOLES/ndside/msys64/opt/devkitpro/libnds/lib\libnds9.a(default_font.bin.o)
 .ARM.attributes
                0x00000000000003ea       0x2b C:/CONSOLES/ndside/msys64/opt/devkitpro/libnds/lib\libnds9.a(video.o)
 .ARM.attributes
                0x0000000000000415       0x2b C:/CONSOLES/ndside/msys64/opt/devkitpro/libnds/lib\libnds9.a(system.o)
 .ARM.attributes
                0x0000000000000440       0x1b C:/CONSOLES/ndside/msys64/opt/devkitpro/libnds/lib\libnds9.a(biosCalls.o)
 .ARM.attributes
                0x000000000000045b       0x1c c:/consoles/ndside/msys64/opt/devkitpro/devkitarm/bin/../lib/gcc/arm-none-eabi/8.3.0/thumb\libgcc.a(_divsi3.o)
 .ARM.attributes
                0x0000000000000477       0x1c c:/consoles/ndside/msys64/opt/devkitpro/devkitarm/bin/../lib/gcc/arm-none-eabi/8.3.0/thumb\libgcc.a(_dvmd_tls.o)
 .ARM.attributes
                0x0000000000000493       0x1c c:/consoles/ndside/msys64/opt/devkitpro/devkitarm/bin/../lib/gcc/arm-none-eabi/8.3.0/thumb\libgcc.a(_arm_addsubdf3.o)
 .ARM.attributes
                0x00000000000004af       0x1c c:/consoles/ndside/msys64/opt/devkitpro/devkitarm/bin/../lib/gcc/arm-none-eabi/8.3.0/thumb\libgcc.a(_arm_truncdfsf2.o)
 .ARM.attributes
                0x00000000000004cb       0x1c c:/consoles/ndside/msys64/opt/devkitpro/devkitarm/bin/../lib/gcc/arm-none-eabi/8.3.0/thumb\libgcc.a(_arm_cmpsf2.o)
 .ARM.attributes
                0x00000000000004e7       0x1c c:/consoles/ndside/msys64/opt/devkitpro/devkitarm/bin/../lib/gcc/arm-none-eabi/8.3.0/thumb\libgcc.a(_arm_fixsfsi.o)
 .ARM.attributes
                0x0000000000000503       0x2a c:/consoles/ndside/msys64/opt/devkitpro/devkitarm/bin/../lib/gcc/arm-none-eabi/8.3.0/../../../../arm-none-eabi/lib/thumb\libg.a(lib_a-init.o)
 .ARM.attributes
                0x000000000000052d       0x2a c:/consoles/ndside/msys64/opt/devkitpro/devkitarm/bin/../lib/gcc/arm-none-eabi/8.3.0/../../../../arm-none-eabi/lib/thumb\libg.a(lib_a-iprintf.o)
 .ARM.attributes
                0x0000000000000557       0x2a c:/consoles/ndside/msys64/opt/devkitpro/devkitarm/bin/../lib/gcc/arm-none-eabi/8.3.0/../../../../arm-none-eabi/lib/thumb\libg.a(lib_a-malloc.o)
 .ARM.attributes
                0x0000000000000581       0x2a c:/consoles/ndside/msys64/opt/devkitpro/devkitarm/bin/../lib/gcc/arm-none-eabi/8.3.0/../../../../arm-none-eabi/lib/thumb\libg.a(lib_a-mallocr.o)
 .ARM.attributes